<!doctype html public "-//w3c//dtd html 4.0 transitional//en">
<html><head>
<title>Static Call Graph - [STM32F429I_DISCO_MB1075\STM32F429I_DISCO_MB1075.axf]</title></head>
<body><HR>
<H1>Static Call Graph for image STM32F429I_DISCO_MB1075\STM32F429I_DISCO_MB1075.axf</H1><HR>
<BR><P>#&#060CALLGRAPH&#062# ARM Linker, 5050041: Last Updated: Sun Nov 15 18:22:37 2015
<BR><P>
<H3>Maximum Stack Usage =        672 bytes + Unknown(Functions without stacksize, Cycles, Untraceable Function Pointers)</H3><H3>
Call chain for Maximum Stack Depth:</H3>
main &rArr; MainTask &rArr; CreateCompassWindow2 &rArr;  MainTask (Cycle)
<P>
<H3>
Functions with no stack information
</H3><UL>
 <LI><a href="#[15c]">[Anonymous Symbol]</a>
 <LI><a href="#[164]">[Anonymous Symbol]</a>
 <LI><a href="#[18f]">[Anonymous Symbol]</a>
 <LI><a href="#[1aa]">[Anonymous Symbol]</a>
 <LI><a href="#[1b5]">[Anonymous Symbol]</a>
 <LI><a href="#[223]">[Anonymous Symbol]</a>
 <LI><a href="#[295]">[Anonymous Symbol]</a>
 <LI><a href="#[297]">[Anonymous Symbol]</a>
 <LI><a href="#[29f]">[Anonymous Symbol]</a>
 <LI><a href="#[2a1]">[Anonymous Symbol]</a>
 <LI><a href="#[2a9]">[Anonymous Symbol]</a>
 <LI><a href="#[343]">[Anonymous Symbol]</a>
 <LI><a href="#[42f]">[Anonymous Symbol]</a>
 <LI><a href="#[430]">[Anonymous Symbol]</a>
 <LI><a href="#[466]">[Anonymous Symbol]</a>
 <LI><a href="#[478]">[Anonymous Symbol]</a>
 <LI><a href="#[4a4]">[Anonymous Symbol]</a>
</UL>
</UL>
<P>
<H3>
Mutually Recursive functions
</H3> <LI><a href="#[23]">SVC_Handler</a>&nbsp;&nbsp;&nbsp;&rArr;&nbsp;&nbsp;&nbsp;<a href="#[23]">SVC_Handler</a><BR>
 <LI><a href="#[25]">PendSV_Handler</a>&nbsp;&nbsp;&nbsp;&rArr;&nbsp;&nbsp;&nbsp;<a href="#[25]">PendSV_Handler</a><BR>
 <LI><a href="#[39]">ADC_IRQHandler</a>&nbsp;&nbsp;&nbsp;&rArr;&nbsp;&nbsp;&nbsp;<a href="#[39]">ADC_IRQHandler</a><BR>
 <LI><a href="#[29b]">WM__InvalidateRect</a>&nbsp;&nbsp;&nbsp;&rArr;&nbsp;&nbsp;&nbsp;<a href="#[29b]">WM__InvalidateRect</a><BR>
 <LI><a href="#[2b8]">WM_InvalidateWindowAndDescsEx</a>&nbsp;&nbsp;&nbsp;&rArr;&nbsp;&nbsp;&nbsp;<a href="#[2b8]">WM_InvalidateWindowAndDescsEx</a><BR>
 <LI><a href="#[2b4]">WM__InvalidateDrawAndDescs</a>&nbsp;&nbsp;&nbsp;&rArr;&nbsp;&nbsp;&nbsp;<a href="#[2b4]">WM__InvalidateDrawAndDescs</a><BR>
 <LI><a href="#[2c5]">WM__SendMessage</a>&nbsp;&nbsp;&nbsp;&rArr;&nbsp;&nbsp;&nbsp;<a href="#[16a]">WM_DefaultProc</a><BR>
 <LI><a href="#[444]">WM_ResizeWindow</a>&nbsp;&nbsp;&nbsp;&rArr;&nbsp;&nbsp;&nbsp;<a href="#[38a]">WM__UpdateChildPositions</a><BR>
 <LI><a href="#[4a8]">_MoveDescendents</a>&nbsp;&nbsp;&nbsp;&rArr;&nbsp;&nbsp;&nbsp;<a href="#[4a8]">_MoveDescendents</a><BR>
 <LI><a href="#[4a7]">WM__ForEachDesc</a>&nbsp;&nbsp;&nbsp;&rArr;&nbsp;&nbsp;&nbsp;<a href="#[4a7]">WM__ForEachDesc</a><BR>
 <LI><a href="#[2bb]">_Findy1</a>&nbsp;&nbsp;&nbsp;&rArr;&nbsp;&nbsp;&nbsp;<a href="#[2bb]">_Findy1</a><BR>
 <LI><a href="#[2c3]">_Findx1</a>&nbsp;&nbsp;&nbsp;&rArr;&nbsp;&nbsp;&nbsp;<a href="#[2c3]">_Findx1</a><BR>
 <LI><a href="#[2c1]">_Findx0</a>&nbsp;&nbsp;&nbsp;&rArr;&nbsp;&nbsp;&nbsp;<a href="#[2c1]">_Findx0</a><BR>
 <LI><a href="#[19f]">_Alloc</a>&nbsp;&nbsp;&nbsp;&rArr;&nbsp;&nbsp;&nbsp;<a href="#[1a1]">_InitOnce</a><BR>
 <LI><a href="#[455]">_Screen2hWin</a>&nbsp;&nbsp;&nbsp;&rArr;&nbsp;&nbsp;&nbsp;<a href="#[455]">_Screen2hWin</a><BR>
 <LI><a href="#[2cc]">WM_DeleteWindow</a>&nbsp;&nbsp;&nbsp;&rArr;&nbsp;&nbsp;&nbsp;<a href="#[2cc]">WM_DeleteWindow</a><BR>
 <LI><a href="#[2d9]">_PaintTransChildren</a>&nbsp;&nbsp;&nbsp;&rArr;&nbsp;&nbsp;&nbsp;<a href="#[2d9]">_PaintTransChildren</a><BR>
 <LI><a href="#[4e9]">CreateCompassWindow2</a>&nbsp;&nbsp;&nbsp;&rArr;&nbsp;&nbsp;&nbsp;<a href="#[4ec]">MainTask</a><BR>
</UL>
<P>
<H3>
Function Pointers
</H3><UL>
 <LI><a href="#[39]">ADC_IRQHandler</a> from startup_stm32f429xx.o(.text) referenced from startup_stm32f429xx.o(RESET)
 <LI><a href="#[f5]">BSP_LCD_DrawBitmap16bpp</a> from lcdconf_stm32f429i_disco_mb1075.o(i.BSP_LCD_DrawBitmap16bpp) referenced from lcdconf_stm32f429i_disco_mb1075.o(i.LCD_X_Config)
 <LI><a href="#[f4]">BSP_LCD_DrawBitmap8bpp</a> from lcdconf_stm32f429i_disco_mb1075.o(i.BSP_LCD_DrawBitmap8bpp) referenced from lcdconf_stm32f429i_disco_mb1075.o(i.LCD_X_Config)
 <LI><a href="#[86]">BUTTON_Callback</a> from BUTTON.o(.text) referenced from BUTTON.o(.text)
 <LI><a href="#[21]">BusFault_Handler</a> from stm32f4xx_it.o(i.BusFault_Handler) referenced from startup_stm32f429xx.o(RESET)
 <LI><a href="#[3b]">CAN1_RX0_IRQHandler</a> from startup_stm32f429xx.o(.text) referenced from startup_stm32f429xx.o(RESET)
 <LI><a href="#[3c]">CAN1_RX1_IRQHandler</a> from startup_stm32f429xx.o(.text) referenced from startup_stm32f429xx.o(RESET)
 <LI><a href="#[3d]">CAN1_SCE_IRQHandler</a> from startup_stm32f429xx.o(.text) referenced from startup_stm32f429xx.o(RESET)
 <LI><a href="#[3a]">CAN1_TX_IRQHandler</a> from startup_stm32f429xx.o(.text) referenced from startup_stm32f429xx.o(RESET)
 <LI><a href="#[67]">CAN2_RX0_IRQHandler</a> from startup_stm32f429xx.o(.text) referenced from startup_stm32f429xx.o(RESET)
 <LI><a href="#[68]">CAN2_RX1_IRQHandler</a> from startup_stm32f429xx.o(.text) referenced from startup_stm32f429xx.o(RESET)
 <LI><a href="#[69]">CAN2_SCE_IRQHandler</a> from startup_stm32f429xx.o(.text) referenced from startup_stm32f429xx.o(RESET)
 <LI><a href="#[66]">CAN2_TX_IRQHandler</a> from startup_stm32f429xx.o(.text) referenced from startup_stm32f429xx.o(RESET)
 <LI><a href="#[f2]">CUSTOM_CopyBuffer</a> from lcdconf_stm32f429i_disco_mb1075.o(i.CUSTOM_CopyBuffer) referenced from lcdconf_stm32f429i_disco_mb1075.o(i.LCD_X_Config)
 <LI><a href="#[f3]">CUSTOM_CopyRect</a> from lcdconf_stm32f429i_disco_mb1075.o(i.CUSTOM_CopyRect) referenced from lcdconf_stm32f429i_disco_mb1075.o(i.LCD_X_Config)
 <LI><a href="#[f1]">CUSTOM_FillRect</a> from lcdconf_stm32f429i_disco_mb1075.o(i.CUSTOM_FillRect) referenced from lcdconf_stm32f429i_disco_mb1075.o(i.CUSTOM_FillRect)
 <LI><a href="#[f1]">CUSTOM_FillRect</a> from lcdconf_stm32f429i_disco_mb1075.o(i.CUSTOM_FillRect) referenced from lcdconf_stm32f429i_disco_mb1075.o(i.LCD_X_Config)
 <LI><a href="#[f7]">Color2IndexBulk_M1555IDMA2D</a> from lcdconf_stm32f429i_disco_mb1075.o(i.Color2IndexBulk_M1555IDMA2D) referenced from lcdconf_stm32f429i_disco_mb1075.o(i.LCD_X_Config)
 <LI><a href="#[fb]">Color2IndexBulk_M4444IDMA2D</a> from lcdconf_stm32f429i_disco_mb1075.o(i.Color2IndexBulk_M4444IDMA2D) referenced from lcdconf_stm32f429i_disco_mb1075.o(i.LCD_X_Config)
 <LI><a href="#[f9]">Color2IndexBulk_M565DMA2D</a> from lcdconf_stm32f429i_disco_mb1075.o(i.Color2IndexBulk_M565DMA2D) referenced from lcdconf_stm32f429i_disco_mb1075.o(i.LCD_X_Config)
 <LI><a href="#[ff]">Color2IndexBulk_M8888IDMA2D</a> from lcdconf_stm32f429i_disco_mb1075.o(i.Color2IndexBulk_M8888IDMA2D) referenced from lcdconf_stm32f429i_disco_mb1075.o(i.LCD_X_Config)
 <LI><a href="#[fd]">Color2IndexBulk_M888DMA2D</a> from lcdconf_stm32f429i_disco_mb1075.o(i.Color2IndexBulk_M888DMA2D) referenced from lcdconf_stm32f429i_disco_mb1075.o(i.LCD_X_Config)
 <LI><a href="#[75]">DCMI_IRQHandler</a> from startup_stm32f429xx.o(.text) referenced from startup_stm32f429xx.o(RESET)
 <LI><a href="#[32]">DMA1_Stream0_IRQHandler</a> from startup_stm32f429xx.o(.text) referenced from startup_stm32f429xx.o(RESET)
 <LI><a href="#[33]">DMA1_Stream1_IRQHandler</a> from startup_stm32f429xx.o(.text) referenced from startup_stm32f429xx.o(RESET)
 <LI><a href="#[34]">DMA1_Stream2_IRQHandler</a> from startup_stm32f429xx.o(.text) referenced from startup_stm32f429xx.o(RESET)
 <LI><a href="#[35]">DMA1_Stream3_IRQHandler</a> from startup_stm32f429xx.o(.text) referenced from startup_stm32f429xx.o(RESET)
 <LI><a href="#[36]">DMA1_Stream4_IRQHandler</a> from startup_stm32f429xx.o(.text) referenced from startup_stm32f429xx.o(RESET)
 <LI><a href="#[37]">DMA1_Stream5_IRQHandler</a> from startup_stm32f429xx.o(.text) referenced from startup_stm32f429xx.o(RESET)
 <LI><a href="#[38]">DMA1_Stream6_IRQHandler</a> from startup_stm32f429xx.o(.text) referenced from startup_stm32f429xx.o(RESET)
 <LI><a href="#[56]">DMA1_Stream7_IRQHandler</a> from startup_stm32f429xx.o(.text) referenced from startup_stm32f429xx.o(RESET)
 <LI><a href="#[100]">DMA2D_AlphaBlending</a> from lcdconf_stm32f429i_disco_mb1075.o(i.DMA2D_AlphaBlending) referenced from lcdconf_stm32f429i_disco_mb1075.o(i.LCD_X_Config)
 <LI><a href="#[80]">DMA2D_IRQHandler</a> from startup_stm32f429xx.o(.text) referenced from startup_stm32f429xx.o(RESET)
 <LI><a href="#[102]">DMA2D_MixColors</a> from lcdconf_stm32f429i_disco_mb1075.o(i.DMA2D_MixColors) referenced from lcdconf_stm32f429i_disco_mb1075.o(i.LCD_X_Config)
 <LI><a href="#[5f]">DMA2_Stream0_IRQHandler</a> from startup_stm32f429xx.o(.text) referenced from startup_stm32f429xx.o(RESET)
 <LI><a href="#[60]">DMA2_Stream1_IRQHandler</a> from startup_stm32f429xx.o(.text) referenced from startup_stm32f429xx.o(RESET)
 <LI><a href="#[61]">DMA2_Stream2_IRQHandler</a> from startup_stm32f429xx.o(.text) referenced from startup_stm32f429xx.o(RESET)
 <LI><a href="#[62]">DMA2_Stream3_IRQHandler</a> from startup_stm32f429xx.o(.text) referenced from startup_stm32f429xx.o(RESET)
 <LI><a href="#[63]">DMA2_Stream4_IRQHandler</a> from startup_stm32f429xx.o(.text) referenced from startup_stm32f429xx.o(RESET)
 <LI><a href="#[6b]">DMA2_Stream5_IRQHandler</a> from startup_stm32f429xx.o(.text) referenced from startup_stm32f429xx.o(RESET)
 <LI><a href="#[6c]">DMA2_Stream6_IRQHandler</a> from startup_stm32f429xx.o(.text) referenced from startup_stm32f429xx.o(RESET)
 <LI><a href="#[6d]">DMA2_Stream7_IRQHandler</a> from startup_stm32f429xx.o(.text) referenced from startup_stm32f429xx.o(RESET)
 <LI><a href="#[24]">DebugMon_Handler</a> from stm32f4xx_it.o(i.DebugMon_Handler) referenced from startup_stm32f429xx.o(RESET)
 <LI><a href="#[64]">ETH_IRQHandler</a> from startup_stm32f429xx.o(.text) referenced from startup_stm32f429xx.o(RESET)
 <LI><a href="#[65]">ETH_WKUP_IRQHandler</a> from startup_stm32f429xx.o(.text) referenced from startup_stm32f429xx.o(RESET)
 <LI><a href="#[2d]">EXTI0_IRQHandler</a> from startup_stm32f429xx.o(.text) referenced from startup_stm32f429xx.o(RESET)
 <LI><a href="#[4f]">EXTI15_10_IRQHandler</a> from startup_stm32f429xx.o(.text) referenced from startup_stm32f429xx.o(RESET)
 <LI><a href="#[2e]">EXTI1_IRQHandler</a> from startup_stm32f429xx.o(.text) referenced from startup_stm32f429xx.o(RESET)
 <LI><a href="#[2f]">EXTI2_IRQHandler</a> from startup_stm32f429xx.o(.text) referenced from startup_stm32f429xx.o(RESET)
 <LI><a href="#[30]">EXTI3_IRQHandler</a> from startup_stm32f429xx.o(.text) referenced from startup_stm32f429xx.o(RESET)
 <LI><a href="#[31]">EXTI4_IRQHandler</a> from startup_stm32f429xx.o(.text) referenced from startup_stm32f429xx.o(RESET)
 <LI><a href="#[3e]">EXTI9_5_IRQHandler</a> from startup_stm32f429xx.o(.text) referenced from startup_stm32f429xx.o(RESET)
 <LI><a href="#[2b]">FLASH_IRQHandler</a> from startup_stm32f429xx.o(.text) referenced from startup_stm32f429xx.o(RESET)
 <LI><a href="#[57]">FMC_IRQHandler</a> from startup_stm32f429xx.o(.text) referenced from startup_stm32f429xx.o(RESET)
 <LI><a href="#[77]">FPU_IRQHandler</a> from startup_stm32f429xx.o(.text) referenced from startup_stm32f429xx.o(RESET)
 <LI><a href="#[104]">GUIMONO_DispChar</a> from GUI_CharM.o(.text) referenced 8 times from F6x8.o(.rodata)
 <LI><a href="#[105]">GUIMONO_GetCharDistX</a> from GUI_CharM.o(.text) referenced 8 times from F6x8.o(.rodata)
 <LI><a href="#[106]">GUIMONO_GetFontInfo</a> from GUI_CharM.o(.text) referenced 8 times from F6x8.o(.rodata)
 <LI><a href="#[107]">GUIMONO_IsInFont</a> from GUI_CharM.o(.text) referenced 8 times from F6x8.o(.rodata)
 <LI><a href="#[145]">GUIPROP_DispChar</a> from GUI_CharP.o(.text) referenced 2 times from F13_1.o(.rodata)
 <LI><a href="#[146]">GUIPROP_GetCharDistX</a> from GUI_CharP.o(.text) referenced 2 times from F13_1.o(.rodata)
 <LI><a href="#[147]">GUIPROP_GetFontInfo</a> from GUI_CharP.o(.text) referenced 2 times from F13_1.o(.rodata)
 <LI><a href="#[148]">GUIPROP_IsInFont</a> from GUI_CharP.o(.text) referenced 2 times from F13_1.o(.rodata)
 <LI><a href="#[a6]">GUI_MEMDEV_Paint1Static</a> from GUIDEV_StaticDevices.o(.text) referenced from WM.o(.text)
 <LI><a href="#[b6]">GUI_MEMDEV__WriteToActiveAlpha</a> from GUIDEV_WriteToActiveAlpha.o(.text) referenced from GUIDEV_32.o(.text)
 <LI><a href="#[c7]">GUI_SetAlpha</a> from GUI_SetAlpha.o(.text) referenced from GUI_SetAlpha.o(.text)
 <LI><a href="#[d9]">GUI_TIMER_Exec</a> from GUI_Timer.o(.text) referenced from GUI_Timer.o(.text)
 <LI><a href="#[dc]">GUI_USAGE_BM_AddHLine</a> from GUIDEV_UsageBM.o(.text) referenced from GUIDEV_UsageBM.o(.text)
 <LI><a href="#[db]">GUI_USAGE_BM_AddPixel</a> from GUIDEV_UsageBM.o(.text) referenced from GUIDEV_UsageBM.o(.text)
 <LI><a href="#[dd]">GUI_USAGE_BM_Clear</a> from GUIDEV_UsageBM.o(.text) referenced from GUIDEV_UsageBM.o(.text)
 <LI><a href="#[df]">GUI_USAGE_BM_GetNextDirty</a> from GUIDEV_UsageBM.o(.text) referenced from GUIDEV_UsageBM.o(.text)
 <LI><a href="#[17]">GUI_X_ExecIdle</a> from gui_x.o(i.GUI_X_ExecIdle) referenced 2 times from GUI_WaitEvent.o(.data)
 <LI><a href="#[14]">GUI__MixColors</a> from GUI__Alpha.o(.text) referenced 2 times from GUI__Alpha.o(.data)
 <LI><a href="#[15]">GUI__MixColorsBulk</a> from GUI__Alpha.o(.text) referenced 2 times from GUI__Alpha.o(.data)
 <LI><a href="#[76]">HASH_RNG_IRQHandler</a> from startup_stm32f429xx.o(.text) referenced from startup_stm32f429xx.o(RESET)
 <LI><a href="#[1f]">HardFault_Handler</a> from stm32f4xx_it.o(i.HardFault_Handler) referenced from startup_stm32f429xx.o(RESET)
 <LI><a href="#[47]">I2C1_ER_IRQHandler</a> from startup_stm32f429xx.o(.text) referenced from startup_stm32f429xx.o(RESET)
 <LI><a href="#[46]">I2C1_EV_IRQHandler</a> from startup_stm32f429xx.o(.text) referenced from startup_stm32f429xx.o(RESET)
 <LI><a href="#[49]">I2C2_ER_IRQHandler</a> from startup_stm32f429xx.o(.text) referenced from startup_stm32f429xx.o(RESET)
 <LI><a href="#[48]">I2C2_EV_IRQHandler</a> from startup_stm32f429xx.o(.text) referenced from startup_stm32f429xx.o(RESET)
 <LI><a href="#[70]">I2C3_ER_IRQHandler</a> from startup_stm32f429xx.o(.text) referenced from startup_stm32f429xx.o(RESET)
 <LI><a href="#[6f]">I2C3_EV_IRQHandler</a> from startup_stm32f429xx.o(.text) referenced from startup_stm32f429xx.o(RESET)
 <LI><a href="#[f6]">Index2ColorBulk_M1555IDMA2D</a> from lcdconf_stm32f429i_disco_mb1075.o(i.Index2ColorBulk_M1555IDMA2D) referenced from lcdconf_stm32f429i_disco_mb1075.o(i.LCD_X_Config)
 <LI><a href="#[fa]">Index2ColorBulk_M4444IDMA2D</a> from lcdconf_stm32f429i_disco_mb1075.o(i.Index2ColorBulk_M4444IDMA2D) referenced from lcdconf_stm32f429i_disco_mb1075.o(i.LCD_X_Config)
 <LI><a href="#[f8]">Index2ColorBulk_M565DMA2D</a> from lcdconf_stm32f429i_disco_mb1075.o(i.Index2ColorBulk_M565DMA2D) referenced from lcdconf_stm32f429i_disco_mb1075.o(i.LCD_X_Config)
 <LI><a href="#[fe]">Index2ColorBulk_M8888IDMA2D</a> from lcdconf_stm32f429i_disco_mb1075.o(i.Index2ColorBulk_M8888IDMA2D) referenced from lcdconf_stm32f429i_disco_mb1075.o(i.LCD_X_Config)
 <LI><a href="#[fc]">Index2ColorBulk_M888DMA2D</a> from lcdconf_stm32f429i_disco_mb1075.o(i.Index2ColorBulk_M888DMA2D) referenced from lcdconf_stm32f429i_disco_mb1075.o(i.LCD_X_Config)
 <LI><a href="#[115]">LCD_Color2Index_8666</a> from GUICC_8666.o(.text) referenced from GUICC_8666.o(.rodata)
 <LI><a href="#[8c]">LCD_DrawHLine</a> from LCD.o(.text) referenced from GUI_Core.o(.text)
 <LI><a href="#[8d]">LCD_DrawPixel</a> from LCD.o(.text) referenced from GUI_Core.o(.text)
 <LI><a href="#[16]">LCD_GetpPalConvTableBM</a> from LCD_Color.o(.text) referenced 2 times from GUI_Core.o(.data)
 <LI><a href="#[8e]">LCD_Index2Color_444_12</a> from GUICC_444_12_Index2Color.o(.text) referenced from GUI_DrawBitmap_444.o(.rodata)
 <LI><a href="#[8e]">LCD_Index2Color_444_12</a> from GUICC_444_12_Index2Color.o(.text) referenced from GUI_DrawBitmap_444.o(.text)
 <LI><a href="#[90]">LCD_Index2Color_444_12_1</a> from GUICC_444_12_1_Index2Color.o(.text) referenced from GUI_DrawBitmap_444.o(.rodata)
 <LI><a href="#[90]">LCD_Index2Color_444_12_1</a> from GUICC_444_12_1_Index2Color.o(.text) referenced from GUI_DrawBitmap_444.o(.text)
 <LI><a href="#[92]">LCD_Index2Color_444_16</a> from GUICC_444_16_Index2Color.o(.text) referenced from GUI_DrawBitmap_444.o(.rodata)
 <LI><a href="#[92]">LCD_Index2Color_444_16</a> from GUICC_444_16_Index2Color.o(.text) referenced from GUI_DrawBitmap_444.o(.text)
 <LI><a href="#[116]">LCD_Index2Color_8666</a> from GUICC_8666.o(.text) referenced from GUICC_8666.o(.rodata)
 <LI><a href="#[88]">LCD_Index2Color_888</a> from GUICC_888_Index2Color.o(.text) referenced from GUI__Alpha.o(.text)
 <LI><a href="#[87]">LCD_Index2Color_8888</a> from GUICC_8888_Index2Color.o(.text) referenced 2 times from GUI_DrawBitmap_8888.o(.rodata)
 <LI><a href="#[87]">LCD_Index2Color_8888</a> from GUICC_8888_Index2Color.o(.text) referenced 3 times from GUI__Alpha.o(.text)
 <LI><a href="#[8f]">LCD_Index2Color_M444_12</a> from GUICC_M444_12_Index2Color.o(.text) referenced from GUI_DrawBitmap_444.o(.rodata)
 <LI><a href="#[8f]">LCD_Index2Color_M444_12</a> from GUICC_M444_12_Index2Color.o(.text) referenced from GUI_DrawBitmap_444.o(.text)
 <LI><a href="#[91]">LCD_Index2Color_M444_12_1</a> from GUICC_M444_12_1_Index2Color.o(.text) referenced from GUI_DrawBitmap_444.o(.rodata)
 <LI><a href="#[91]">LCD_Index2Color_M444_12_1</a> from GUICC_M444_12_1_Index2Color.o(.text) referenced from GUI_DrawBitmap_444.o(.text)
 <LI><a href="#[93]">LCD_Index2Color_M444_16</a> from GUICC_M444_16_Index2Color.o(.text) referenced from GUI_DrawBitmap_444.o(.rodata)
 <LI><a href="#[93]">LCD_Index2Color_M444_16</a> from GUICC_M444_16_Index2Color.o(.text) referenced from GUI_DrawBitmap_444.o(.text)
 <LI><a href="#[128]">LCD_Index2Color_M565</a> from GUICC_M565.o(.text) referenced from GUICC_M565.o(.rodata)
 <LI><a href="#[12d]">LCD_Index2Color_M888</a> from GUICC_M888_Index2Color.o(.text) referenced from GUICC_M888.o(.rodata)
 <LI><a href="#[103]">LCD_MixColorsBulk</a> from lcdconf_stm32f429i_disco_mb1075.o(i.LCD_MixColorsBulk) referenced from lcdconf_stm32f429i_disco_mb1075.o(i.LCD_X_Config)
 <LI><a href="#[ed]">LCD_SetPixelAA4_NoTrans</a> from LCD_AA.o(.text) referenced from LCD_AA.o(.text)
 <LI><a href="#[ee]">LCD_SetPixelAA4_Trans</a> from LCD_AA.o(.text) referenced from LCD_AA.o(.text)
 <LI><a href="#[ef]">LCD_SetPixelAA8_NoTrans</a> from LCD_AA.o(.text) referenced from LCD_AA.o(.text)
 <LI><a href="#[f0]">LCD_SetPixelAA8_Trans</a> from LCD_AA.o(.text) referenced from LCD_AA.o(.text)
 <LI><a href="#[7f]">LTDC_ER_IRQHandler</a> from startup_stm32f429xx.o(.text) referenced from startup_stm32f429xx.o(RESET)
 <LI><a href="#[7e]">LTDC_IRQHandler</a> from stm32f4xx_it.o(i.LTDC_IRQHandler) referenced from startup_stm32f429xx.o(RESET)
 <LI><a href="#[20]">MemManage_Handler</a> from stm32f4xx_it.o(i.MemManage_Handler) referenced from startup_stm32f429xx.o(RESET)
 <LI><a href="#[1e]">NMI_Handler</a> from stm32f4xx_it.o(i.NMI_Handler) referenced from startup_stm32f429xx.o(RESET)
 <LI><a href="#[6a]">OTG_FS_IRQHandler</a> from startup_stm32f429xx.o(.text) referenced from startup_stm32f429xx.o(RESET)
 <LI><a href="#[51]">OTG_FS_WKUP_IRQHandler</a> from startup_stm32f429xx.o(.text) referenced from startup_stm32f429xx.o(RESET)
 <LI><a href="#[72]">OTG_HS_EP1_IN_IRQHandler</a> from startup_stm32f429xx.o(.text) referenced from startup_stm32f429xx.o(RESET)
 <LI><a href="#[71]">OTG_HS_EP1_OUT_IRQHandler</a> from startup_stm32f429xx.o(.text) referenced from startup_stm32f429xx.o(RESET)
 <LI><a href="#[74]">OTG_HS_IRQHandler</a> from startup_stm32f429xx.o(.text) referenced from startup_stm32f429xx.o(RESET)
 <LI><a href="#[73]">OTG_HS_WKUP_IRQHandler</a> from startup_stm32f429xx.o(.text) referenced from startup_stm32f429xx.o(RESET)
 <LI><a href="#[28]">PVD_IRQHandler</a> from startup_stm32f429xx.o(.text) referenced from startup_stm32f429xx.o(RESET)
 <LI><a href="#[25]">PendSV_Handler</a> from startup_stm32f429xx.o(.text) referenced from startup_stm32f429xx.o(RESET)
 <LI><a href="#[2c]">RCC_IRQHandler</a> from startup_stm32f429xx.o(.text) referenced from startup_stm32f429xx.o(RESET)
 <LI><a href="#[50]">RTC_Alarm_IRQHandler</a> from startup_stm32f429xx.o(.text) referenced from startup_stm32f429xx.o(RESET)
 <LI><a href="#[2a]">RTC_WKUP_IRQHandler</a> from startup_stm32f429xx.o(.text) referenced from startup_stm32f429xx.o(RESET)
 <LI><a href="#[1d]">Reset_Handler</a> from startup_stm32f429xx.o(.text) referenced from startup_stm32f429xx.o(RESET)
 <LI><a href="#[7d]">SAI1_IRQHandler</a> from startup_stm32f429xx.o(.text) referenced from startup_stm32f429xx.o(RESET)
 <LI><a href="#[58]">SDIO_IRQHandler</a> from startup_stm32f429xx.o(.text) referenced from startup_stm32f429xx.o(RESET)
 <LI><a href="#[4a]">SPI1_IRQHandler</a> from startup_stm32f429xx.o(.text) referenced from startup_stm32f429xx.o(RESET)
 <LI><a href="#[4b]">SPI2_IRQHandler</a> from startup_stm32f429xx.o(.text) referenced from startup_stm32f429xx.o(RESET)
 <LI><a href="#[5a]">SPI3_IRQHandler</a> from startup_stm32f429xx.o(.text) referenced from startup_stm32f429xx.o(RESET)
 <LI><a href="#[7a]">SPI4_IRQHandler</a> from startup_stm32f429xx.o(.text) referenced from startup_stm32f429xx.o(RESET)
 <LI><a href="#[7b]">SPI5_IRQHandler</a> from startup_stm32f429xx.o(.text) referenced from startup_stm32f429xx.o(RESET)
 <LI><a href="#[7c]">SPI6_IRQHandler</a> from startup_stm32f429xx.o(.text) referenced from startup_stm32f429xx.o(RESET)
 <LI><a href="#[23]">SVC_Handler</a> from startup_stm32f429xx.o(.text) referenced from startup_stm32f429xx.o(RESET)
 <LI><a href="#[26]">SysTick_Handler</a> from stm32f4xx_it.o(i.SysTick_Handler) referenced from startup_stm32f429xx.o(RESET)
 <LI><a href="#[82]">SystemInit</a> from system_stm32f4xx.o(i.SystemInit) referenced from startup_stm32f429xx.o(.text)
 <LI><a href="#[29]">TAMP_STAMP_IRQHandler</a> from startup_stm32f429xx.o(.text) referenced from startup_stm32f429xx.o(RESET)
 <LI><a href="#[3f]">TIM1_BRK_TIM9_IRQHandler</a> from startup_stm32f429xx.o(.text) referenced from startup_stm32f429xx.o(RESET)
 <LI><a href="#[42]">TIM1_CC_IRQHandler</a> from startup_stm32f429xx.o(.text) referenced from startup_stm32f429xx.o(RESET)
 <LI><a href="#[41]">TIM1_TRG_COM_TIM11_IRQHandler</a> from startup_stm32f429xx.o(.text) referenced from startup_stm32f429xx.o(RESET)
 <LI><a href="#[40]">TIM1_UP_TIM10_IRQHandler</a> from startup_stm32f429xx.o(.text) referenced from startup_stm32f429xx.o(RESET)
 <LI><a href="#[43]">TIM2_IRQHandler</a> from startup_stm32f429xx.o(.text) referenced from startup_stm32f429xx.o(RESET)
 <LI><a href="#[44]">TIM3_IRQHandler</a> from stm32f4xx_it.o(i.TIM3_IRQHandler) referenced from startup_stm32f429xx.o(RESET)
 <LI><a href="#[45]">TIM4_IRQHandler</a> from startup_stm32f429xx.o(.text) referenced from startup_stm32f429xx.o(RESET)
 <LI><a href="#[59]">TIM5_IRQHandler</a> from startup_stm32f429xx.o(.text) referenced from startup_stm32f429xx.o(RESET)
 <LI><a href="#[5d]">TIM6_DAC_IRQHandler</a> from startup_stm32f429xx.o(.text) referenced from startup_stm32f429xx.o(RESET)
 <LI><a href="#[5e]">TIM7_IRQHandler</a> from startup_stm32f429xx.o(.text) referenced from startup_stm32f429xx.o(RESET)
 <LI><a href="#[52]">TIM8_BRK_TIM12_IRQHandler</a> from startup_stm32f429xx.o(.text) referenced from startup_stm32f429xx.o(RESET)
 <LI><a href="#[55]">TIM8_CC_IRQHandler</a> from startup_stm32f429xx.o(.text) referenced from startup_stm32f429xx.o(RESET)
 <LI><a href="#[54]">TIM8_TRG_COM_TIM14_IRQHandler</a> from startup_stm32f429xx.o(.text) referenced from startup_stm32f429xx.o(RESET)
 <LI><a href="#[53]">TIM8_UP_TIM13_IRQHandler</a> from startup_stm32f429xx.o(.text) referenced from startup_stm32f429xx.o(RESET)
 <LI><a href="#[5b]">UART4_IRQHandler</a> from startup_stm32f429xx.o(.text) referenced from startup_stm32f429xx.o(RESET)
 <LI><a href="#[5c]">UART5_IRQHandler</a> from startup_stm32f429xx.o(.text) referenced from startup_stm32f429xx.o(RESET)
 <LI><a href="#[78]">UART7_IRQHandler</a> from startup_stm32f429xx.o(.text) referenced from startup_stm32f429xx.o(RESET)
 <LI><a href="#[79]">UART8_IRQHandler</a> from startup_stm32f429xx.o(.text) referenced from startup_stm32f429xx.o(RESET)
 <LI><a href="#[4c]">USART1_IRQHandler</a> from startup_stm32f429xx.o(.text) referenced from startup_stm32f429xx.o(RESET)
 <LI><a href="#[4d]">USART2_IRQHandler</a> from startup_stm32f429xx.o(.text) referenced from startup_stm32f429xx.o(RESET)
 <LI><a href="#[4e]">USART3_IRQHandler</a> from startup_stm32f429xx.o(.text) referenced from startup_stm32f429xx.o(RESET)
 <LI><a href="#[6e]">USART6_IRQHandler</a> from startup_stm32f429xx.o(.text) referenced from startup_stm32f429xx.o(RESET)
 <LI><a href="#[22]">UsageFault_Handler</a> from stm32f4xx_it.o(i.UsageFault_Handler) referenced from startup_stm32f429xx.o(RESET)
 <LI><a href="#[153]">WIDGET_EFFECT_3D_DrawUp</a> from WIDGET_Effect_3D.o(.text) referenced from WIDGET_Effect_3D.o(.rodata)
 <LI><a href="#[b1]">WM_HandlePID</a> from WM_Touch.o(.text) referenced from GUI_PID.o(.text)
 <LI><a href="#[a7]">WM__Paint1</a> from WM.o(.text) referenced from WM.o(.text)
 <LI><a href="#[27]">WWDG_IRQHandler</a> from startup_stm32f429xx.o(.text) referenced from startup_stm32f429xx.o(RESET)
 <LI><a href="#[b4]">_CalcSizeOfChar</a> from GUI_UC_EncodeNone.o(.text) referenced from GUI_UC_EncodeNone.o(.text)
 <LI><a href="#[c8]">_Color2Index</a> from GUI_SetAlpha.o(.text) referenced from GUI_SetAlpha.o(.text)
 <LI><a href="#[12a]">_Color2IndexBulk</a> from GUICC_M565.o(.text) referenced 3 times from GUICC_M565.o(.rodata)
 <LI><a href="#[cb]">_Color2IndexBulk</a> from GUI_SetAlpha.o(.text) referenced from GUI_SetAlpha.o(.text)
 <LI><a href="#[113]">_Color2IndexBulk_1616I</a> from GUICC_1616I.o(.text) referenced from GUICC_1616I.o(.rodata)
 <LI><a href="#[11b]">_Color2IndexBulk_88666I</a> from GUICC_88666I.o(.text) referenced from GUICC_88666I.o(.rodata)
 <LI><a href="#[120]">_Color2IndexBulk_M1555I</a> from GUICC_M1555I.o(.text) referenced from GUICC_M1555I.o(.rodata)
 <LI><a href="#[125]">_Color2IndexBulk_M4444I</a> from GUICC_M4444I.o(.text) referenced from GUICC_M4444I.o(.rodata)
 <LI><a href="#[134]">_Color2IndexBulk_M8888I</a> from GUICC_M8888I.o(.text) referenced from GUICC_M8888I.o(.rodata)
 <LI><a href="#[149]">_Color2Index_0</a> from GUICC_0.o(.text) referenced from GUICC_0.o(.rodata)
 <LI><a href="#[14c]">_Color2Index_16</a> from GUICC_16.o(.text) referenced from GUICC_16.o(.rodata)
 <LI><a href="#[110]">_Color2Index_1616I</a> from GUICC_1616I.o(.text) referenced from GUICC_1616I.o(.rodata)
 <LI><a href="#[118]">_Color2Index_88666I</a> from GUICC_88666I.o(.text) referenced from GUICC_88666I.o(.rodata)
 <LI><a href="#[14f]">_Color2Index_8888</a> from GUICC_8888.o(.text) referenced from GUICC_8888.o(.rodata)
 <LI><a href="#[11d]">_Color2Index_M1555I</a> from GUICC_M1555I.o(.text) referenced from GUICC_M1555I.o(.rodata)
 <LI><a href="#[122]">_Color2Index_M4444I</a> from GUICC_M4444I.o(.text) referenced from GUICC_M4444I.o(.rodata)
 <LI><a href="#[127]">_Color2Index_M565</a> from GUICC_M565.o(.text) referenced from GUICC_M565.o(.rodata)
 <LI><a href="#[12c]">_Color2Index_M888</a> from GUICC_M888.o(.text) referenced from GUICC_M888.o(.rodata)
 <LI><a href="#[131]">_Color2Index_M8888I</a> from GUICC_M8888I.o(.text) referenced from GUICC_M8888I.o(.rodata)
 <LI><a href="#[a1]">_CopyBuffer</a> from GUIDRV_Lin_32.o(.text) referenced from GUIDRV_Lin_32.o(.text)
 <LI><a href="#[ac]">_Create</a> from BUTTON_SkinClassic.o(.text) referenced from BUTTON_SkinClassic.o(.text)
 <LI><a href="#[136]">_DrawBitmap</a> from GUIDRV_Lin_32.o(.text) referenced from GUIDRV_Lin_32.o(.rodata)
 <LI><a href="#[ae]">_DrawBitmap</a> from GUI_DRAW_BITMAP.o(.text) referenced 4 times from GUI_DRAW_BITMAP.o(.text)
 <LI><a href="#[108]">_DrawBitmap444_12</a> from GUI_DrawBitmap_444.o(.text) referenced from GUI_DrawBitmap_444.o(.rodata)
 <LI><a href="#[10a]">_DrawBitmap444_12_1</a> from GUI_DrawBitmap_444.o(.text) referenced from GUI_DrawBitmap_444.o(.rodata)
 <LI><a href="#[10c]">_DrawBitmap444_16</a> from GUI_DrawBitmap_444.o(.text) referenced from GUI_DrawBitmap_444.o(.rodata)
 <LI><a href="#[10f]">_DrawBitmapHW_8888</a> from GUI_DrawBitmap_8888.o(.text) referenced from GUI_DrawBitmap_8888.o(.rodata)
 <LI><a href="#[109]">_DrawBitmapM444_12</a> from GUI_DrawBitmap_444.o(.text) referenced from GUI_DrawBitmap_444.o(.rodata)
 <LI><a href="#[10b]">_DrawBitmapM444_12_1</a> from GUI_DrawBitmap_444.o(.text) referenced from GUI_DrawBitmap_444.o(.rodata)
 <LI><a href="#[10d]">_DrawBitmapM444_16</a> from GUI_DrawBitmap_444.o(.text) referenced from GUI_DrawBitmap_444.o(.rodata)
 <LI><a href="#[10e]">_DrawBitmap_8888</a> from GUI_DrawBitmap_8888.o(.text) referenced from GUI_DrawBitmap_8888.o(.rodata)
 <LI><a href="#[155]">_DrawDown</a> from WIDGET_Effect_3D.o(.text) referenced from WIDGET_Effect_3D.o(.rodata)
 <LI><a href="#[156]">_DrawDownRect</a> from WIDGET_Effect_3D.o(.text) referenced from WIDGET_Effect_3D.o(.rodata)
 <LI><a href="#[137]">_DrawHLine</a> from GUIDRV_Lin_32.o(.text) referenced from GUIDRV_Lin_32.o(.rodata)
 <LI><a href="#[b8]">_DrawHLine</a> from GUIDEV_32.o(.text) referenced 3 times from GUIDEV_32.o(.text)
 <LI><a href="#[154]">_DrawUpRect</a> from WIDGET_Effect_3D.o(.text) referenced from WIDGET_Effect_3D.o(.rodata)
 <LI><a href="#[138]">_DrawVLine</a> from GUIDRV_Lin_32.o(.text) referenced from GUIDRV_Lin_32.o(.rodata)
 <LI><a href="#[b9]">_DrawVLine</a> from GUIDEV_32.o(.text) referenced 3 times from GUIDEV_32.o(.text)
 <LI><a href="#[b5]">_Encode</a> from GUI_UC_EncodeNone.o(.text) referenced from GUI_UC_EncodeNone.o(.text)
 <LI><a href="#[139]">_FillRect</a> from GUIDRV_Lin_32.o(.text) referenced from GUIDRV_Lin_32.o(.rodata)
 <LI><a href="#[ba]">_FillRect</a> from GUIDEV_32.o(.text) referenced 3 times from GUIDEV_32.o(.text)
 <LI><a href="#[de]">_GUI_USAGE_BM_Delete</a> from GUIDEV_UsageBM.o(.text) referenced from GUIDEV_UsageBM.o(.text)
 <LI><a href="#[b2]">_GetCharCode</a> from GUI_UC_EncodeNone.o(.text) referenced from GUI_UC_EncodeNone.o(.text)
 <LI><a href="#[b3]">_GetCharSize</a> from GUI_UC_EncodeNone.o(.text) referenced from GUI_UC_EncodeNone.o(.text)
 <LI><a href="#[140]">_GetDevData</a> from GUIDRV_Lin_32.o(.text) referenced from GUIDRV_Lin_32.o(.rodata)
 <LI><a href="#[c1]">_GetDevData</a> from GUIDEV_32.o(.text) referenced 3 times from GUIDEV_32.o(.text)
 <LI><a href="#[13e]">_GetDevFunc</a> from GUIDRV_Lin_32.o(.text) referenced from GUIDRV_Lin_32.o(.rodata)
 <LI><a href="#[bf]">_GetDevFunc</a> from GUIDEV_32.o(.text) referenced 3 times from GUIDEV_32.o(.text)
 <LI><a href="#[13f]">_GetDevProp</a> from GUIDRV_Lin_32.o(.text) referenced from GUIDRV_Lin_32.o(.rodata)
 <LI><a href="#[c0]">_GetDevProp</a> from GUIDEV_32.o(.text) referenced 3 times from GUIDEV_32.o(.text)
 <LI><a href="#[ca]">_GetIndexMask</a> from GUI_SetAlpha.o(.text) referenced from GUI_SetAlpha.o(.text)
 <LI><a href="#[14b]">_GetIndexMask_0</a> from GUICC_0.o(.text) referenced from GUICC_0.o(.rodata)
 <LI><a href="#[14e]">_GetIndexMask_16</a> from GUICC_16.o(.text) referenced from GUICC_16.o(.rodata)
 <LI><a href="#[112]">_GetIndexMask_1616I</a> from GUICC_1616I.o(.text) referenced from GUICC_1616I.o(.rodata)
 <LI><a href="#[117]">_GetIndexMask_8666</a> from GUICC_8666.o(.text) referenced from GUICC_8666.o(.rodata)
 <LI><a href="#[11a]">_GetIndexMask_88666I</a> from GUICC_88666I.o(.text) referenced from GUICC_88666I.o(.rodata)
 <LI><a href="#[150]">_GetIndexMask_8888</a> from GUICC_8888.o(.text) referenced from GUICC_8888.o(.rodata)
 <LI><a href="#[11f]">_GetIndexMask_M1555I</a> from GUICC_M1555I.o(.text) referenced from GUICC_M1555I.o(.rodata)
 <LI><a href="#[124]">_GetIndexMask_M4444I</a> from GUICC_M4444I.o(.text) referenced from GUICC_M4444I.o(.rodata)
 <LI><a href="#[129]">_GetIndexMask_M565</a> from GUICC_M565.o(.text) referenced from GUICC_M565.o(.rodata)
 <LI><a href="#[12e]">_GetIndexMask_M888</a> from GUICC_M888.o(.text) referenced from GUICC_M888.o(.rodata)
 <LI><a href="#[133]">_GetIndexMask_M8888I</a> from GUICC_M8888I.o(.text) referenced from GUICC_M8888I.o(.rodata)
 <LI><a href="#[13a]">_GetPixelIndex</a> from GUIDRV_Lin_32.o(.text) referenced from GUIDRV_Lin_32.o(.rodata)
 <LI><a href="#[bb]">_GetPixelIndex</a> from GUIDEV_32.o(.text) referenced 3 times from GUIDEV_32.o(.text)
 <LI><a href="#[98]">_GetPos</a> from GUIDRV_Lin_32.o(.text) referenced from GUIDRV_Lin_32.o(.text)
 <LI><a href="#[141]">_GetRect</a> from GUIDRV_Lin_32.o(.text) referenced from GUIDRV_Lin_32.o(.rodata)
 <LI><a href="#[c2]">_GetRect</a> from GUIDEV_32.o(.text) referenced 3 times from GUIDEV_32.o(.text)
 <LI><a href="#[af]">_GetXSize</a> from GUI_DRAW_BITMAP.o(.text) referenced from GUI_DRAW_BITMAP.o(.text)
 <LI><a href="#[b0]">_GetYSize</a> from GUI_DRAW_BITMAP.o(.text) referenced from GUI_DRAW_BITMAP.o(.text)
 <LI><a href="#[c9]">_Index2Color</a> from GUI_SetAlpha.o(.text) referenced from GUI_SetAlpha.o(.text)
 <LI><a href="#[12b]">_Index2ColorBulk</a> from GUICC_M565.o(.text) referenced 3 times from GUICC_M565.o(.rodata)
 <LI><a href="#[cc]">_Index2ColorBulk</a> from GUI_SetAlpha.o(.text) referenced from GUI_SetAlpha.o(.text)
 <LI><a href="#[114]">_Index2ColorBulk_1616I</a> from GUICC_1616I.o(.text) referenced from GUICC_1616I.o(.rodata)
 <LI><a href="#[11c]">_Index2ColorBulk_88666I</a> from GUICC_88666I.o(.text) referenced from GUICC_88666I.o(.rodata)
 <LI><a href="#[121]">_Index2ColorBulk_M1555I</a> from GUICC_M1555I.o(.text) referenced from GUICC_M1555I.o(.rodata)
 <LI><a href="#[126]">_Index2ColorBulk_M4444I</a> from GUICC_M4444I.o(.text) referenced from GUICC_M4444I.o(.rodata)
 <LI><a href="#[135]">_Index2ColorBulk_M8888I</a> from GUICC_M8888I.o(.text) referenced from GUICC_M8888I.o(.rodata)
 <LI><a href="#[14a]">_Index2Color_0</a> from GUICC_0.o(.text) referenced from GUICC_0.o(.rodata)
 <LI><a href="#[14d]">_Index2Color_16</a> from GUICC_16.o(.text) referenced from GUICC_16.o(.rodata)
 <LI><a href="#[111]">_Index2Color_1616I</a> from GUICC_1616I.o(.text) referenced from GUICC_1616I.o(.rodata)
 <LI><a href="#[119]">_Index2Color_88666I</a> from GUICC_88666I.o(.text) referenced from GUICC_88666I.o(.rodata)
 <LI><a href="#[11e]">_Index2Color_M1555I</a> from GUICC_M1555I.o(.text) referenced from GUICC_M1555I.o(.rodata)
 <LI><a href="#[123]">_Index2Color_M4444I</a> from GUICC_M4444I.o(.text) referenced from GUICC_M4444I.o(.rodata)
 <LI><a href="#[132]">_Index2Color_M8888I</a> from GUICC_M8888I.o(.text) referenced from GUICC_M8888I.o(.rodata)
 <LI><a href="#[9b]">_Init</a> from GUIDRV_Lin_32.o(.text) referenced from GUIDRV_Lin_32.o(.text)
 <LI><a href="#[101]">_LCD_GetpPalConvTable</a> from lcdconf_stm32f429i_disco_mb1075.o(i._LCD_GetpPalConvTable) referenced from lcdconf_stm32f429i_disco_mb1075.o(i.LCD_X_Config)
 <LI><a href="#[18]">_Log2VisBuffered</a> from GUI_CharLine.o(.text) referenced 2 times from GUI_CharLine.o(.data)
 <LI><a href="#[1c]">_NextPixel_End</a> from LCD_NextPixelAPI.o(.text) referenced 2 times from LCD_NextPixelAPI.o(.data)
 <LI><a href="#[1b]">_NextPixel_NextLine</a> from LCD_NextPixelAPI.o(.text) referenced 2 times from LCD_NextPixelAPI.o(.data)
 <LI><a href="#[1a]">_NextPixel_SetPixel</a> from LCD_NextPixelAPI.o(.text) referenced 2 times from LCD_NextPixelAPI.o(.data)
 <LI><a href="#[19]">_NextPixel_Start</a> from LCD_NextPixelAPI.o(.text) referenced 2 times from LCD_NextPixelAPI.o(.data)
 <LI><a href="#[9d]">_Off</a> from GUIDRV_Lin_32.o(.text) referenced from GUIDRV_Lin_32.o(.text)
 <LI><a href="#[9c]">_On</a> from GUIDRV_Lin_32.o(.text) referenced from GUIDRV_Lin_32.o(.text)
 <LI><a href="#[89]">_OnExit</a> from GUI__Alpha.o(.text) referenced 9 times from GUI__Alpha.o(.text)
 <LI><a href="#[85]">_OnPidStateChange</a> from BUTTON.o(.text) referenced from BUTTON.o(.text)
 <LI><a href="#[13]">_OnTouchDefault</a> from BUTTON.o(.text) referenced 2 times from BUTTON.o(.data)
 <LI><a href="#[13]">_OnTouchDefault</a> from BUTTON.o(.text) referenced from BUTTON.o(.text)
 <LI><a href="#[84]">_OnTouchReactOnLevel</a> from BUTTON.o(.text) referenced from BUTTON.o(.text)
 <LI><a href="#[ab]">_Paint</a> from BUTTON_SkinClassic.o(.text) referenced from BUTTON_SkinClassic.o(.text)
 <LI><a href="#[a4]">_ReadRect</a> from GUIDRV_Lin_32.o(.text) referenced from GUIDRV_Lin_32.o(.text)
 <LI><a href="#[c5]">_ReadRectFromMemdev</a> from GUI_SetAlpha.o(.text) referenced from GUI_SetAlpha.o(.text)
 <LI><a href="#[99]">_SetAlpha</a> from GUIDRV_Lin_32.o(.text) referenced from GUIDRV_Lin_32.o(.text)
 <LI><a href="#[9e]">_SetAlphaMode</a> from GUIDRV_Lin_32.o(.text) referenced from GUIDRV_Lin_32.o(.text)
 <LI><a href="#[143]">_SetBkColor</a> from LCD.o(.text) referenced from LCD.o(.rodata)
 <LI><a href="#[a0]">_SetChroma</a> from GUIDRV_Lin_32.o(.text) referenced from GUIDRV_Lin_32.o(.text)
 <LI><a href="#[9f]">_SetChromaMode</a> from GUIDRV_Lin_32.o(.text) referenced from GUIDRV_Lin_32.o(.text)
 <LI><a href="#[142]">_SetColor</a> from LCD.o(.text) referenced from LCD.o(.rodata)
 <LI><a href="#[a3]">_SetDevFunc</a> from GUIDRV_Lin_32.o(.text) referenced from GUIDRV_Lin_32.o(.text)
 <LI><a href="#[144]">_SetDrawMode</a> from LCD.o(.text) referenced from LCD.o(.rodata)
 <LI><a href="#[13d]">_SetOrg</a> from GUIDRV_Lin_32.o(.text) referenced from GUIDRV_Lin_32.o(.rodata)
 <LI><a href="#[be]">_SetOrg</a> from GUIDEV_32.o(.text) referenced 3 times from GUIDEV_32.o(.text)
 <LI><a href="#[13b]">_SetPixelIndex</a> from GUIDRV_Lin_32.o(.text) referenced from GUIDRV_Lin_32.o(.rodata)
 <LI><a href="#[bc]">_SetPixelIndex</a> from GUIDEV_32.o(.text) referenced 3 times from GUIDEV_32.o(.text)
 <LI><a href="#[97]">_SetPos</a> from GUIDRV_Lin_32.o(.text) referenced from GUIDRV_Lin_32.o(.text)
 <LI><a href="#[96]">_SetSize</a> from GUIDRV_Lin_32.o(.text) referenced from GUIDRV_Lin_32.o(.text)
 <LI><a href="#[94]">_SetVRAMAddr</a> from GUIDRV_Lin_32.o(.text) referenced from GUIDRV_Lin_32.o(.text)
 <LI><a href="#[95]">_SetVSize</a> from GUIDRV_Lin_32.o(.text) referenced from GUIDRV_Lin_32.o(.text)
 <LI><a href="#[9a]">_SetVis</a> from GUIDRV_Lin_32.o(.text) referenced from GUIDRV_Lin_32.o(.text)
 <LI><a href="#[a2]">_ShowBuffer</a> from GUIDRV_Lin_32.o(.text) referenced from GUIDRV_Lin_32.o(.text)
 <LI><a href="#[13c]">_XorPixel</a> from GUIDRV_Lin_32.o(.text) referenced from GUIDRV_Lin_32.o(.rodata)
 <LI><a href="#[bd]">_XorPixel</a> from GUIDEV_32.o(.text) referenced 3 times from GUIDEV_32.o(.text)
 <LI><a href="#[83]">__main</a> from entry.o(.ARM.Collect$$$$00000000) referenced from startup_stm32f429xx.o(.text)
 <LI><a href="#[e0]">_cbInvalidateOne</a> from WM_BringToTop.o(.text) referenced from WM_BringToTop.o(.text)
 <LI><a href="#[a8]">_cbPaintMemDev</a> from WM.o(.text) referenced from WM.o(.text)
 <LI><a href="#[c3]">_cbTimer</a> from WM_Timer.o(.text) referenced from WM_Timer.o(.text)
 <LI><a href="#[a9]">cbBackWin</a> from WM.o(.text) referenced from WM.o(.text)
 <LI><a href="#[81]">main</a> from main.o(i.main) referenced from entry9a.o(.ARM.Collect$$$$0000000B)
 <LI><a href="#[12]">stmpe811_IO_ClearIT</a> from stmpe811.o(i.stmpe811_IO_ClearIT) referenced 2 times from stmpe811.o(.data)
 <LI><a href="#[c]">stmpe811_IO_Config</a> from stmpe811.o(i.stmpe811_IO_Config) referenced 2 times from stmpe811.o(.data)
 <LI><a href="#[10]">stmpe811_IO_DisableIT</a> from stmpe811.o(i.stmpe811_IO_DisableIT) referenced 2 times from stmpe811.o(.data)
 <LI><a href="#[f]">stmpe811_IO_EnableIT</a> from stmpe811.o(i.stmpe811_IO_EnableIT) referenced 2 times from stmpe811.o(.data)
 <LI><a href="#[11]">stmpe811_IO_ITStatus</a> from stmpe811.o(i.stmpe811_IO_ITStatus) referenced 2 times from stmpe811.o(.data)
 <LI><a href="#[e]">stmpe811_IO_ReadPin</a> from stmpe811.o(i.stmpe811_IO_ReadPin) referenced 2 times from stmpe811.o(.data)
 <LI><a href="#[b]">stmpe811_IO_Start</a> from stmpe811.o(i.stmpe811_IO_Start) referenced 2 times from stmpe811.o(.data)
 <LI><a href="#[d]">stmpe811_IO_WritePin</a> from stmpe811.o(i.stmpe811_IO_WritePin) referenced 2 times from stmpe811.o(.data)
 <LI><a href="#[1]">stmpe811_Init</a> from stmpe811.o(i.stmpe811_Init) referenced 4 times from stmpe811.o(.data)
 <LI><a href="#[2]">stmpe811_ReadID</a> from stmpe811.o(i.stmpe811_ReadID) referenced 4 times from stmpe811.o(.data)
 <LI><a href="#[3]">stmpe811_Reset</a> from stmpe811.o(i.stmpe811_Reset) referenced 4 times from stmpe811.o(.data)
 <LI><a href="#[8]">stmpe811_TS_ClearIT</a> from stmpe811.o(i.stmpe811_TS_ClearIT) referenced 2 times from stmpe811.o(.data)
 <LI><a href="#[5]">stmpe811_TS_DetectTouch</a> from stmpe811.o(i.stmpe811_TS_DetectTouch) referenced 2 times from stmpe811.o(.data)
 <LI><a href="#[a]">stmpe811_TS_DisableIT</a> from stmpe811.o(i.stmpe811_TS_DisableIT) referenced 2 times from stmpe811.o(.data)
 <LI><a href="#[7]">stmpe811_TS_EnableIT</a> from stmpe811.o(i.stmpe811_TS_EnableIT) referenced 2 times from stmpe811.o(.data)
 <LI><a href="#[6]">stmpe811_TS_GetXY</a> from stmpe811.o(i.stmpe811_TS_GetXY) referenced 2 times from stmpe811.o(.data)
 <LI><a href="#[9]">stmpe811_TS_ITStatus</a> from stmpe811.o(i.stmpe811_TS_ITStatus) referenced 2 times from stmpe811.o(.data)
 <LI><a href="#[4]">stmpe811_TS_Start</a> from stmpe811.o(i.stmpe811_TS_Start) referenced 2 times from stmpe811.o(.data)
</UL>
<P>
<H3>
Global Symbols
</H3>
<P><STRONG><a name="[83]"></a>__main</STRONG> (Thumb, 0 bytes, Stack size unknown bytes, entry.o(.ARM.Collect$$$$00000000))
<BR>[Address Reference Count : 1]<UL><LI> startup_stm32f429xx.o(.text)
</UL>
<P><STRONG><a name="[58b]"></a>_main_stk</STRONG> (Thumb, 0 bytes, Stack size unknown bytes, entry2.o(.ARM.Collect$$$$00000001))

<P><STRONG><a name="[157]"></a>_main_scatterload</STRONG> (Thumb, 0 bytes, Stack size unknown bytes, entry5.o(.ARM.Collect$$$$00000004))
<BR><BR>[Calls]<UL><LI><a href="#[158]">&gt;&gt;</a>&nbsp;&nbsp;&nbsp;__scatterload
</UL>

<P><STRONG><a name="[4c4]"></a>__main_after_scatterload</STRONG> (Thumb, 0 bytes, Stack size unknown bytes, entry5.o(.ARM.Collect$$$$00000004))
<BR><BR>[Called By]<UL><LI><a href="#[158]">&gt;&gt;</a>&nbsp;&nbsp;&nbsp;__scatterload
</UL>

<P><STRONG><a name="[58c]"></a>_main_clock</STRONG> (Thumb, 0 bytes, Stack size unknown bytes, entry7b.o(.ARM.Collect$$$$00000008))

<P><STRONG><a name="[58d]"></a>_main_cpp_init</STRONG> (Thumb, 0 bytes, Stack size unknown bytes, entry8b.o(.ARM.Collect$$$$0000000A))

<P><STRONG><a name="[58e]"></a>_main_init</STRONG> (Thumb, 0 bytes, Stack size unknown bytes, entry9a.o(.ARM.Collect$$$$0000000B))

<P><STRONG><a name="[58f]"></a>__rt_final_cpp</STRONG> (Thumb, 0 bytes, Stack size unknown bytes, entry10a.o(.ARM.Collect$$$$0000000D))

<P><STRONG><a name="[590]"></a>__rt_final_exit</STRONG> (Thumb, 0 bytes, Stack size unknown bytes, entry11a.o(.ARM.Collect$$$$0000000F))

<P><STRONG><a name="[1d]"></a>Reset_Handler</STRONG> (Thumb, 8 bytes, Stack size 0 bytes, startup_stm32f429xx.o(.text))
<BR>[Address Reference Count : 1]<UL><LI> startup_stm32f429xx.o(RESET)
</UL>
<P><STRONG><a name="[23]"></a>SVC_Handler</STRONG> (Thumb, 2 bytes, Stack size 0 bytes, startup_stm32f429xx.o(.text))
<BR><BR>[Calls]<UL><LI><a href="#[23]">&gt;&gt;</a>&nbsp;&nbsp;&nbsp;SVC_Handler
</UL>
<BR>[Called By]<UL><LI><a href="#[23]">&gt;&gt;</a>&nbsp;&nbsp;&nbsp;SVC_Handler
</UL>
<BR>[Address Reference Count : 1]<UL><LI> startup_stm32f429xx.o(RESET)
</UL>
<P><STRONG><a name="[25]"></a>PendSV_Handler</STRONG> (Thumb, 2 bytes, Stack size 0 bytes, startup_stm32f429xx.o(.text))
<BR><BR>[Calls]<UL><LI><a href="#[25]">&gt;&gt;</a>&nbsp;&nbsp;&nbsp;PendSV_Handler
</UL>
<BR>[Called By]<UL><LI><a href="#[25]">&gt;&gt;</a>&nbsp;&nbsp;&nbsp;PendSV_Handler
</UL>
<BR>[Address Reference Count : 1]<UL><LI> startup_stm32f429xx.o(RESET)
</UL>
<P><STRONG><a name="[39]"></a>ADC_IRQHandler</STRONG> (Thumb, 0 bytes, Stack size 0 bytes, startup_stm32f429xx.o(.text))
<BR><BR>[Calls]<UL><LI><a href="#[39]">&gt;&gt;</a>&nbsp;&nbsp;&nbsp;ADC_IRQHandler
</UL>
<BR>[Called By]<UL><LI><a href="#[39]">&gt;&gt;</a>&nbsp;&nbsp;&nbsp;ADC_IRQHandler
</UL>
<BR>[Address Reference Count : 1]<UL><LI> startup_stm32f429xx.o(RESET)
</UL>
<P><STRONG><a name="[3b]"></a>CAN1_RX0_IRQHandler</STRONG> (Thumb, 0 bytes, Stack size 0 bytes, startup_stm32f429xx.o(.text))
<BR>[Address Reference Count : 1]<UL><LI> startup_stm32f429xx.o(RESET)
</UL>
<P><STRONG><a name="[3c]"></a>CAN1_RX1_IRQHandler</STRONG> (Thumb, 0 bytes, Stack size 0 bytes, startup_stm32f429xx.o(.text))
<BR>[Address Reference Count : 1]<UL><LI> startup_stm32f429xx.o(RESET)
</UL>
<P><STRONG><a name="[3d]"></a>CAN1_SCE_IRQHandler</STRONG> (Thumb, 0 bytes, Stack size 0 bytes, startup_stm32f429xx.o(.text))
<BR>[Address Reference Count : 1]<UL><LI> startup_stm32f429xx.o(RESET)
</UL>
<P><STRONG><a name="[3a]"></a>CAN1_TX_IRQHandler</STRONG> (Thumb, 0 bytes, Stack size 0 bytes, startup_stm32f429xx.o(.text))
<BR>[Address Reference Count : 1]<UL><LI> startup_stm32f429xx.o(RESET)
</UL>
<P><STRONG><a name="[67]"></a>CAN2_RX0_IRQHandler</STRONG> (Thumb, 0 bytes, Stack size 0 bytes, startup_stm32f429xx.o(.text))
<BR>[Address Reference Count : 1]<UL><LI> startup_stm32f429xx.o(RESET)
</UL>
<P><STRONG><a name="[68]"></a>CAN2_RX1_IRQHandler</STRONG> (Thumb, 0 bytes, Stack size 0 bytes, startup_stm32f429xx.o(.text))
<BR>[Address Reference Count : 1]<UL><LI> startup_stm32f429xx.o(RESET)
</UL>
<P><STRONG><a name="[69]"></a>CAN2_SCE_IRQHandler</STRONG> (Thumb, 0 bytes, Stack size 0 bytes, startup_stm32f429xx.o(.text))
<BR>[Address Reference Count : 1]<UL><LI> startup_stm32f429xx.o(RESET)
</UL>
<P><STRONG><a name="[66]"></a>CAN2_TX_IRQHandler</STRONG> (Thumb, 0 bytes, Stack size 0 bytes, startup_stm32f429xx.o(.text))
<BR>[Address Reference Count : 1]<UL><LI> startup_stm32f429xx.o(RESET)
</UL>
<P><STRONG><a name="[75]"></a>DCMI_IRQHandler</STRONG> (Thumb, 0 bytes, Stack size 0 bytes, startup_stm32f429xx.o(.text))
<BR>[Address Reference Count : 1]<UL><LI> startup_stm32f429xx.o(RESET)
</UL>
<P><STRONG><a name="[32]"></a>DMA1_Stream0_IRQHandler</STRONG> (Thumb, 0 bytes, Stack size 0 bytes, startup_stm32f429xx.o(.text))
<BR>[Address Reference Count : 1]<UL><LI> startup_stm32f429xx.o(RESET)
</UL>
<P><STRONG><a name="[33]"></a>DMA1_Stream1_IRQHandler</STRONG> (Thumb, 0 bytes, Stack size 0 bytes, startup_stm32f429xx.o(.text))
<BR>[Address Reference Count : 1]<UL><LI> startup_stm32f429xx.o(RESET)
</UL>
<P><STRONG><a name="[34]"></a>DMA1_Stream2_IRQHandler</STRONG> (Thumb, 0 bytes, Stack size 0 bytes, startup_stm32f429xx.o(.text))
<BR>[Address Reference Count : 1]<UL><LI> startup_stm32f429xx.o(RESET)
</UL>
<P><STRONG><a name="[35]"></a>DMA1_Stream3_IRQHandler</STRONG> (Thumb, 0 bytes, Stack size 0 bytes, startup_stm32f429xx.o(.text))
<BR>[Address Reference Count : 1]<UL><LI> startup_stm32f429xx.o(RESET)
</UL>
<P><STRONG><a name="[36]"></a>DMA1_Stream4_IRQHandler</STRONG> (Thumb, 0 bytes, Stack size 0 bytes, startup_stm32f429xx.o(.text))
<BR>[Address Reference Count : 1]<UL><LI> startup_stm32f429xx.o(RESET)
</UL>
<P><STRONG><a name="[37]"></a>DMA1_Stream5_IRQHandler</STRONG> (Thumb, 0 bytes, Stack size 0 bytes, startup_stm32f429xx.o(.text))
<BR>[Address Reference Count : 1]<UL><LI> startup_stm32f429xx.o(RESET)
</UL>
<P><STRONG><a name="[38]"></a>DMA1_Stream6_IRQHandler</STRONG> (Thumb, 0 bytes, Stack size 0 bytes, startup_stm32f429xx.o(.text))
<BR>[Address Reference Count : 1]<UL><LI> startup_stm32f429xx.o(RESET)
</UL>
<P><STRONG><a name="[56]"></a>DMA1_Stream7_IRQHandler</STRONG> (Thumb, 0 bytes, Stack size 0 bytes, startup_stm32f429xx.o(.text))
<BR>[Address Reference Count : 1]<UL><LI> startup_stm32f429xx.o(RESET)
</UL>
<P><STRONG><a name="[80]"></a>DMA2D_IRQHandler</STRONG> (Thumb, 0 bytes, Stack size 0 bytes, startup_stm32f429xx.o(.text))
<BR>[Address Reference Count : 1]<UL><LI> startup_stm32f429xx.o(RESET)
</UL>
<P><STRONG><a name="[5f]"></a>DMA2_Stream0_IRQHandler</STRONG> (Thumb, 0 bytes, Stack size 0 bytes, startup_stm32f429xx.o(.text))
<BR>[Address Reference Count : 1]<UL><LI> startup_stm32f429xx.o(RESET)
</UL>
<P><STRONG><a name="[60]"></a>DMA2_Stream1_IRQHandler</STRONG> (Thumb, 0 bytes, Stack size 0 bytes, startup_stm32f429xx.o(.text))
<BR>[Address Reference Count : 1]<UL><LI> startup_stm32f429xx.o(RESET)
</UL>
<P><STRONG><a name="[61]"></a>DMA2_Stream2_IRQHandler</STRONG> (Thumb, 0 bytes, Stack size 0 bytes, startup_stm32f429xx.o(.text))
<BR>[Address Reference Count : 1]<UL><LI> startup_stm32f429xx.o(RESET)
</UL>
<P><STRONG><a name="[62]"></a>DMA2_Stream3_IRQHandler</STRONG> (Thumb, 0 bytes, Stack size 0 bytes, startup_stm32f429xx.o(.text))
<BR>[Address Reference Count : 1]<UL><LI> startup_stm32f429xx.o(RESET)
</UL>
<P><STRONG><a name="[63]"></a>DMA2_Stream4_IRQHandler</STRONG> (Thumb, 0 bytes, Stack size 0 bytes, startup_stm32f429xx.o(.text))
<BR>[Address Reference Count : 1]<UL><LI> startup_stm32f429xx.o(RESET)
</UL>
<P><STRONG><a name="[6b]"></a>DMA2_Stream5_IRQHandler</STRONG> (Thumb, 0 bytes, Stack size 0 bytes, startup_stm32f429xx.o(.text))
<BR>[Address Reference Count : 1]<UL><LI> startup_stm32f429xx.o(RESET)
</UL>
<P><STRONG><a name="[6c]"></a>DMA2_Stream6_IRQHandler</STRONG> (Thumb, 0 bytes, Stack size 0 bytes, startup_stm32f429xx.o(.text))
<BR>[Address Reference Count : 1]<UL><LI> startup_stm32f429xx.o(RESET)
</UL>
<P><STRONG><a name="[6d]"></a>DMA2_Stream7_IRQHandler</STRONG> (Thumb, 0 bytes, Stack size 0 bytes, startup_stm32f429xx.o(.text))
<BR>[Address Reference Count : 1]<UL><LI> startup_stm32f429xx.o(RESET)
</UL>
<P><STRONG><a name="[64]"></a>ETH_IRQHandler</STRONG> (Thumb, 0 bytes, Stack size 0 bytes, startup_stm32f429xx.o(.text))
<BR>[Address Reference Count : 1]<UL><LI> startup_stm32f429xx.o(RESET)
</UL>
<P><STRONG><a name="[65]"></a>ETH_WKUP_IRQHandler</STRONG> (Thumb, 0 bytes, Stack size 0 bytes, startup_stm32f429xx.o(.text))
<BR>[Address Reference Count : 1]<UL><LI> startup_stm32f429xx.o(RESET)
</UL>
<P><STRONG><a name="[2d]"></a>EXTI0_IRQHandler</STRONG> (Thumb, 0 bytes, Stack size 0 bytes, startup_stm32f429xx.o(.text))
<BR>[Address Reference Count : 1]<UL><LI> startup_stm32f429xx.o(RESET)
</UL>
<P><STRONG><a name="[4f]"></a>EXTI15_10_IRQHandler</STRONG> (Thumb, 0 bytes, Stack size 0 bytes, startup_stm32f429xx.o(.text))
<BR>[Address Reference Count : 1]<UL><LI> startup_stm32f429xx.o(RESET)
</UL>
<P><STRONG><a name="[2e]"></a>EXTI1_IRQHandler</STRONG> (Thumb, 0 bytes, Stack size 0 bytes, startup_stm32f429xx.o(.text))
<BR>[Address Reference Count : 1]<UL><LI> startup_stm32f429xx.o(RESET)
</UL>
<P><STRONG><a name="[2f]"></a>EXTI2_IRQHandler</STRONG> (Thumb, 0 bytes, Stack size 0 bytes, startup_stm32f429xx.o(.text))
<BR>[Address Reference Count : 1]<UL><LI> startup_stm32f429xx.o(RESET)
</UL>
<P><STRONG><a name="[30]"></a>EXTI3_IRQHandler</STRONG> (Thumb, 0 bytes, Stack size 0 bytes, startup_stm32f429xx.o(.text))
<BR>[Address Reference Count : 1]<UL><LI> startup_stm32f429xx.o(RESET)
</UL>
<P><STRONG><a name="[31]"></a>EXTI4_IRQHandler</STRONG> (Thumb, 0 bytes, Stack size 0 bytes, startup_stm32f429xx.o(.text))
<BR>[Address Reference Count : 1]<UL><LI> startup_stm32f429xx.o(RESET)
</UL>
<P><STRONG><a name="[3e]"></a>EXTI9_5_IRQHandler</STRONG> (Thumb, 0 bytes, Stack size 0 bytes, startup_stm32f429xx.o(.text))
<BR>[Address Reference Count : 1]<UL><LI> startup_stm32f429xx.o(RESET)
</UL>
<P><STRONG><a name="[2b]"></a>FLASH_IRQHandler</STRONG> (Thumb, 0 bytes, Stack size 0 bytes, startup_stm32f429xx.o(.text))
<BR>[Address Reference Count : 1]<UL><LI> startup_stm32f429xx.o(RESET)
</UL>
<P><STRONG><a name="[57]"></a>FMC_IRQHandler</STRONG> (Thumb, 0 bytes, Stack size 0 bytes, startup_stm32f429xx.o(.text))
<BR>[Address Reference Count : 1]<UL><LI> startup_stm32f429xx.o(RESET)
</UL>
<P><STRONG><a name="[77]"></a>FPU_IRQHandler</STRONG> (Thumb, 0 bytes, Stack size 0 bytes, startup_stm32f429xx.o(.text))
<BR>[Address Reference Count : 1]<UL><LI> startup_stm32f429xx.o(RESET)
</UL>
<P><STRONG><a name="[76]"></a>HASH_RNG_IRQHandler</STRONG> (Thumb, 0 bytes, Stack size 0 bytes, startup_stm32f429xx.o(.text))
<BR>[Address Reference Count : 1]<UL><LI> startup_stm32f429xx.o(RESET)
</UL>
<P><STRONG><a name="[47]"></a>I2C1_ER_IRQHandler</STRONG> (Thumb, 0 bytes, Stack size 0 bytes, startup_stm32f429xx.o(.text))
<BR>[Address Reference Count : 1]<UL><LI> startup_stm32f429xx.o(RESET)
</UL>
<P><STRONG><a name="[46]"></a>I2C1_EV_IRQHandler</STRONG> (Thumb, 0 bytes, Stack size 0 bytes, startup_stm32f429xx.o(.text))
<BR>[Address Reference Count : 1]<UL><LI> startup_stm32f429xx.o(RESET)
</UL>
<P><STRONG><a name="[49]"></a>I2C2_ER_IRQHandler</STRONG> (Thumb, 0 bytes, Stack size 0 bytes, startup_stm32f429xx.o(.text))
<BR>[Address Reference Count : 1]<UL><LI> startup_stm32f429xx.o(RESET)
</UL>
<P><STRONG><a name="[48]"></a>I2C2_EV_IRQHandler</STRONG> (Thumb, 0 bytes, Stack size 0 bytes, startup_stm32f429xx.o(.text))
<BR>[Address Reference Count : 1]<UL><LI> startup_stm32f429xx.o(RESET)
</UL>
<P><STRONG><a name="[70]"></a>I2C3_ER_IRQHandler</STRONG> (Thumb, 0 bytes, Stack size 0 bytes, startup_stm32f429xx.o(.text))
<BR>[Address Reference Count : 1]<UL><LI> startup_stm32f429xx.o(RESET)
</UL>
<P><STRONG><a name="[6f]"></a>I2C3_EV_IRQHandler</STRONG> (Thumb, 0 bytes, Stack size 0 bytes, startup_stm32f429xx.o(.text))
<BR>[Address Reference Count : 1]<UL><LI> startup_stm32f429xx.o(RESET)
</UL>
<P><STRONG><a name="[7f]"></a>LTDC_ER_IRQHandler</STRONG> (Thumb, 0 bytes, Stack size 0 bytes, startup_stm32f429xx.o(.text))
<BR>[Address Reference Count : 1]<UL><LI> startup_stm32f429xx.o(RESET)
</UL>
<P><STRONG><a name="[6a]"></a>OTG_FS_IRQHandler</STRONG> (Thumb, 0 bytes, Stack size 0 bytes, startup_stm32f429xx.o(.text))
<BR>[Address Reference Count : 1]<UL><LI> startup_stm32f429xx.o(RESET)
</UL>
<P><STRONG><a name="[51]"></a>OTG_FS_WKUP_IRQHandler</STRONG> (Thumb, 0 bytes, Stack size 0 bytes, startup_stm32f429xx.o(.text))
<BR>[Address Reference Count : 1]<UL><LI> startup_stm32f429xx.o(RESET)
</UL>
<P><STRONG><a name="[72]"></a>OTG_HS_EP1_IN_IRQHandler</STRONG> (Thumb, 0 bytes, Stack size 0 bytes, startup_stm32f429xx.o(.text))
<BR>[Address Reference Count : 1]<UL><LI> startup_stm32f429xx.o(RESET)
</UL>
<P><STRONG><a name="[71]"></a>OTG_HS_EP1_OUT_IRQHandler</STRONG> (Thumb, 0 bytes, Stack size 0 bytes, startup_stm32f429xx.o(.text))
<BR>[Address Reference Count : 1]<UL><LI> startup_stm32f429xx.o(RESET)
</UL>
<P><STRONG><a name="[74]"></a>OTG_HS_IRQHandler</STRONG> (Thumb, 0 bytes, Stack size 0 bytes, startup_stm32f429xx.o(.text))
<BR>[Address Reference Count : 1]<UL><LI> startup_stm32f429xx.o(RESET)
</UL>
<P><STRONG><a name="[73]"></a>OTG_HS_WKUP_IRQHandler</STRONG> (Thumb, 0 bytes, Stack size 0 bytes, startup_stm32f429xx.o(.text))
<BR>[Address Reference Count : 1]<UL><LI> startup_stm32f429xx.o(RESET)
</UL>
<P><STRONG><a name="[28]"></a>PVD_IRQHandler</STRONG> (Thumb, 0 bytes, Stack size 0 bytes, startup_stm32f429xx.o(.text))
<BR>[Address Reference Count : 1]<UL><LI> startup_stm32f429xx.o(RESET)
</UL>
<P><STRONG><a name="[2c]"></a>RCC_IRQHandler</STRONG> (Thumb, 0 bytes, Stack size 0 bytes, startup_stm32f429xx.o(.text))
<BR>[Address Reference Count : 1]<UL><LI> startup_stm32f429xx.o(RESET)
</UL>
<P><STRONG><a name="[50]"></a>RTC_Alarm_IRQHandler</STRONG> (Thumb, 0 bytes, Stack size 0 bytes, startup_stm32f429xx.o(.text))
<BR>[Address Reference Count : 1]<UL><LI> startup_stm32f429xx.o(RESET)
</UL>
<P><STRONG><a name="[2a]"></a>RTC_WKUP_IRQHandler</STRONG> (Thumb, 0 bytes, Stack size 0 bytes, startup_stm32f429xx.o(.text))
<BR>[Address Reference Count : 1]<UL><LI> startup_stm32f429xx.o(RESET)
</UL>
<P><STRONG><a name="[7d]"></a>SAI1_IRQHandler</STRONG> (Thumb, 0 bytes, Stack size 0 bytes, startup_stm32f429xx.o(.text))
<BR>[Address Reference Count : 1]<UL><LI> startup_stm32f429xx.o(RESET)
</UL>
<P><STRONG><a name="[58]"></a>SDIO_IRQHandler</STRONG> (Thumb, 0 bytes, Stack size 0 bytes, startup_stm32f429xx.o(.text))
<BR>[Address Reference Count : 1]<UL><LI> startup_stm32f429xx.o(RESET)
</UL>
<P><STRONG><a name="[4a]"></a>SPI1_IRQHandler</STRONG> (Thumb, 0 bytes, Stack size 0 bytes, startup_stm32f429xx.o(.text))
<BR>[Address Reference Count : 1]<UL><LI> startup_stm32f429xx.o(RESET)
</UL>
<P><STRONG><a name="[4b]"></a>SPI2_IRQHandler</STRONG> (Thumb, 0 bytes, Stack size 0 bytes, startup_stm32f429xx.o(.text))
<BR>[Address Reference Count : 1]<UL><LI> startup_stm32f429xx.o(RESET)
</UL>
<P><STRONG><a name="[5a]"></a>SPI3_IRQHandler</STRONG> (Thumb, 0 bytes, Stack size 0 bytes, startup_stm32f429xx.o(.text))
<BR>[Address Reference Count : 1]<UL><LI> startup_stm32f429xx.o(RESET)
</UL>
<P><STRONG><a name="[7a]"></a>SPI4_IRQHandler</STRONG> (Thumb, 0 bytes, Stack size 0 bytes, startup_stm32f429xx.o(.text))
<BR>[Address Reference Count : 1]<UL><LI> startup_stm32f429xx.o(RESET)
</UL>
<P><STRONG><a name="[7b]"></a>SPI5_IRQHandler</STRONG> (Thumb, 0 bytes, Stack size 0 bytes, startup_stm32f429xx.o(.text))
<BR>[Address Reference Count : 1]<UL><LI> startup_stm32f429xx.o(RESET)
</UL>
<P><STRONG><a name="[7c]"></a>SPI6_IRQHandler</STRONG> (Thumb, 0 bytes, Stack size 0 bytes, startup_stm32f429xx.o(.text))
<BR>[Address Reference Count : 1]<UL><LI> startup_stm32f429xx.o(RESET)
</UL>
<P><STRONG><a name="[29]"></a>TAMP_STAMP_IRQHandler</STRONG> (Thumb, 0 bytes, Stack size 0 bytes, startup_stm32f429xx.o(.text))
<BR>[Address Reference Count : 1]<UL><LI> startup_stm32f429xx.o(RESET)
</UL>
<P><STRONG><a name="[3f]"></a>TIM1_BRK_TIM9_IRQHandler</STRONG> (Thumb, 0 bytes, Stack size 0 bytes, startup_stm32f429xx.o(.text))
<BR>[Address Reference Count : 1]<UL><LI> startup_stm32f429xx.o(RESET)
</UL>
<P><STRONG><a name="[42]"></a>TIM1_CC_IRQHandler</STRONG> (Thumb, 0 bytes, Stack size 0 bytes, startup_stm32f429xx.o(.text))
<BR>[Address Reference Count : 1]<UL><LI> startup_stm32f429xx.o(RESET)
</UL>
<P><STRONG><a name="[41]"></a>TIM1_TRG_COM_TIM11_IRQHandler</STRONG> (Thumb, 0 bytes, Stack size 0 bytes, startup_stm32f429xx.o(.text))
<BR>[Address Reference Count : 1]<UL><LI> startup_stm32f429xx.o(RESET)
</UL>
<P><STRONG><a name="[40]"></a>TIM1_UP_TIM10_IRQHandler</STRONG> (Thumb, 0 bytes, Stack size 0 bytes, startup_stm32f429xx.o(.text))
<BR>[Address Reference Count : 1]<UL><LI> startup_stm32f429xx.o(RESET)
</UL>
<P><STRONG><a name="[43]"></a>TIM2_IRQHandler</STRONG> (Thumb, 0 bytes, Stack size 0 bytes, startup_stm32f429xx.o(.text))
<BR>[Address Reference Count : 1]<UL><LI> startup_stm32f429xx.o(RESET)
</UL>
<P><STRONG><a name="[45]"></a>TIM4_IRQHandler</STRONG> (Thumb, 0 bytes, Stack size 0 bytes, startup_stm32f429xx.o(.text))
<BR>[Address Reference Count : 1]<UL><LI> startup_stm32f429xx.o(RESET)
</UL>
<P><STRONG><a name="[59]"></a>TIM5_IRQHandler</STRONG> (Thumb, 0 bytes, Stack size 0 bytes, startup_stm32f429xx.o(.text))
<BR>[Address Reference Count : 1]<UL><LI> startup_stm32f429xx.o(RESET)
</UL>
<P><STRONG><a name="[5d]"></a>TIM6_DAC_IRQHandler</STRONG> (Thumb, 0 bytes, Stack size 0 bytes, startup_stm32f429xx.o(.text))
<BR>[Address Reference Count : 1]<UL><LI> startup_stm32f429xx.o(RESET)
</UL>
<P><STRONG><a name="[5e]"></a>TIM7_IRQHandler</STRONG> (Thumb, 0 bytes, Stack size 0 bytes, startup_stm32f429xx.o(.text))
<BR>[Address Reference Count : 1]<UL><LI> startup_stm32f429xx.o(RESET)
</UL>
<P><STRONG><a name="[52]"></a>TIM8_BRK_TIM12_IRQHandler</STRONG> (Thumb, 0 bytes, Stack size 0 bytes, startup_stm32f429xx.o(.text))
<BR>[Address Reference Count : 1]<UL><LI> startup_stm32f429xx.o(RESET)
</UL>
<P><STRONG><a name="[55]"></a>TIM8_CC_IRQHandler</STRONG> (Thumb, 0 bytes, Stack size 0 bytes, startup_stm32f429xx.o(.text))
<BR>[Address Reference Count : 1]<UL><LI> startup_stm32f429xx.o(RESET)
</UL>
<P><STRONG><a name="[54]"></a>TIM8_TRG_COM_TIM14_IRQHandler</STRONG> (Thumb, 0 bytes, Stack size 0 bytes, startup_stm32f429xx.o(.text))
<BR>[Address Reference Count : 1]<UL><LI> startup_stm32f429xx.o(RESET)
</UL>
<P><STRONG><a name="[53]"></a>TIM8_UP_TIM13_IRQHandler</STRONG> (Thumb, 0 bytes, Stack size 0 bytes, startup_stm32f429xx.o(.text))
<BR>[Address Reference Count : 1]<UL><LI> startup_stm32f429xx.o(RESET)
</UL>
<P><STRONG><a name="[5b]"></a>UART4_IRQHandler</STRONG> (Thumb, 0 bytes, Stack size 0 bytes, startup_stm32f429xx.o(.text))
<BR>[Address Reference Count : 1]<UL><LI> startup_stm32f429xx.o(RESET)
</UL>
<P><STRONG><a name="[5c]"></a>UART5_IRQHandler</STRONG> (Thumb, 0 bytes, Stack size 0 bytes, startup_stm32f429xx.o(.text))
<BR>[Address Reference Count : 1]<UL><LI> startup_stm32f429xx.o(RESET)
</UL>
<P><STRONG><a name="[78]"></a>UART7_IRQHandler</STRONG> (Thumb, 0 bytes, Stack size 0 bytes, startup_stm32f429xx.o(.text))
<BR>[Address Reference Count : 1]<UL><LI> startup_stm32f429xx.o(RESET)
</UL>
<P><STRONG><a name="[79]"></a>UART8_IRQHandler</STRONG> (Thumb, 0 bytes, Stack size 0 bytes, startup_stm32f429xx.o(.text))
<BR>[Address Reference Count : 1]<UL><LI> startup_stm32f429xx.o(RESET)
</UL>
<P><STRONG><a name="[4c]"></a>USART1_IRQHandler</STRONG> (Thumb, 0 bytes, Stack size 0 bytes, startup_stm32f429xx.o(.text))
<BR>[Address Reference Count : 1]<UL><LI> startup_stm32f429xx.o(RESET)
</UL>
<P><STRONG><a name="[4d]"></a>USART2_IRQHandler</STRONG> (Thumb, 0 bytes, Stack size 0 bytes, startup_stm32f429xx.o(.text))
<BR>[Address Reference Count : 1]<UL><LI> startup_stm32f429xx.o(RESET)
</UL>
<P><STRONG><a name="[4e]"></a>USART3_IRQHandler</STRONG> (Thumb, 0 bytes, Stack size 0 bytes, startup_stm32f429xx.o(.text))
<BR>[Address Reference Count : 1]<UL><LI> startup_stm32f429xx.o(RESET)
</UL>
<P><STRONG><a name="[6e]"></a>USART6_IRQHandler</STRONG> (Thumb, 0 bytes, Stack size 0 bytes, startup_stm32f429xx.o(.text))
<BR>[Address Reference Count : 1]<UL><LI> startup_stm32f429xx.o(RESET)
</UL>
<P><STRONG><a name="[27]"></a>WWDG_IRQHandler</STRONG> (Thumb, 0 bytes, Stack size 0 bytes, startup_stm32f429xx.o(.text))
<BR>[Address Reference Count : 1]<UL><LI> startup_stm32f429xx.o(RESET)
</UL>
<P><STRONG><a name="[591]"></a>BUTTON_SetReactOnLevel</STRONG> (Thumb, 12 bytes, Stack size 0 bytes, BUTTON.o(.text), UNUSED)

<P><STRONG><a name="[592]"></a>BUTTON_SetReactOnTouch</STRONG> (Thumb, 12 bytes, Stack size 0 bytes, BUTTON.o(.text), UNUSED)

<P><STRONG><a name="[86]"></a>BUTTON_Callback</STRONG> (Thumb, 192 bytes, Stack size 16 bytes, BUTTON.o(.text))
<BR><BR>[Stack]<UL><LI>Max Depth = 296 + Unknown Stack Size
<LI>Call Chain = BUTTON_Callback &rArr; WIDGET_HandleActive &rArr; WM__UpdateChildPositions &rArr; WM_MoveWindow &rArr; WM__MoveWindow &rArr; WM__InvalidateParent &rArr; WM__InvalidateRect &rArr;  WM__InvalidateRect (Cycle)
</UL>
<BR>[Calls]<UL><LI><a href="#[16b]">&gt;&gt;</a>&nbsp;&nbsp;&nbsp;BUTTON_SetPressed
<LI><a href="#[16a]">&gt;&gt;</a>&nbsp;&nbsp;&nbsp;WM_DefaultProc
<LI><a href="#[167]">&gt;&gt;</a>&nbsp;&nbsp;&nbsp;WIDGET_HandleActive
<LI><a href="#[169]">&gt;&gt;</a>&nbsp;&nbsp;&nbsp;GUI_ALLOC_FreePtrArray
<LI><a href="#[168]">&gt;&gt;</a>&nbsp;&nbsp;&nbsp;GUI_ALLOC_FreePtr
<LI><a href="#[166]">&gt;&gt;</a>&nbsp;&nbsp;&nbsp;[Anonymous Symbol]
<LI><a href="#[15c]">&gt;&gt;</a>&nbsp;&nbsp;&nbsp;[Anonymous Symbol]
<LI><a href="#[15b]">&gt;&gt;</a>&nbsp;&nbsp;&nbsp;[Anonymous Symbol]
<LI><a href="#[159]">&gt;&gt;</a>&nbsp;&nbsp;&nbsp;_OnButtonPressed
</UL>
<BR>[Address Reference Count : 1]<UL><LI> BUTTON.o(.text)
</UL>
<P><STRONG><a name="[16c]"></a>BUTTON_CreateUser</STRONG> (Thumb, 78 bytes, Stack size 32 bytes, BUTTON.o(.text))
<BR><BR>[Stack]<UL><LI>Max Depth = 248 + Unknown Stack Size
<LI>Call Chain = BUTTON_CreateUser &rArr; WM_CreateWindowAsChild &rArr; WM_BringToBottom &rArr; WM__InvalidateRectEx &rArr; WM__InvalidateRect &rArr;  WM__InvalidateRect (Cycle)
</UL>
<BR>[Calls]<UL><LI><a href="#[16e]">&gt;&gt;</a>&nbsp;&nbsp;&nbsp;WM_CreateWindowAsChild
<LI><a href="#[16f]">&gt;&gt;</a>&nbsp;&nbsp;&nbsp;WIDGET__Init
<LI><a href="#[171]">&gt;&gt;</a>&nbsp;&nbsp;&nbsp;GUI_ALLOC_UnlockH
<LI><a href="#[165]">&gt;&gt;</a>&nbsp;&nbsp;&nbsp;GUI_ALLOC_LockH
<LI><a href="#[16d]">&gt;&gt;</a>&nbsp;&nbsp;&nbsp;[Anonymous Symbol]
<LI><a href="#[170]">&gt;&gt;</a>&nbsp;&nbsp;&nbsp;__aeabi_memcpy4
</UL>
<BR>[Called By]<UL><LI><a href="#[172]">&gt;&gt;</a>&nbsp;&nbsp;&nbsp;BUTTON_CreateEx
</UL>

<P><STRONG><a name="[172]"></a>BUTTON_CreateEx</STRONG> (Thumb, 26 bytes, Stack size 32 bytes, BUTTON.o(.text))
<BR><BR>[Stack]<UL><LI>Max Depth = 280 + Unknown Stack Size
<LI>Call Chain = BUTTON_CreateEx &rArr; BUTTON_CreateUser &rArr; WM_CreateWindowAsChild &rArr; WM_BringToBottom &rArr; WM__InvalidateRectEx &rArr; WM__InvalidateRect &rArr;  WM__InvalidateRect (Cycle)
</UL>
<BR>[Calls]<UL><LI><a href="#[16c]">&gt;&gt;</a>&nbsp;&nbsp;&nbsp;BUTTON_CreateUser
<LI><a href="#[16d]">&gt;&gt;</a>&nbsp;&nbsp;&nbsp;[Anonymous Symbol]
</UL>
<BR>[Called By]<UL><LI><a href="#[4e9]">&gt;&gt;</a>&nbsp;&nbsp;&nbsp;CreateCompassWindow2
<LI><a href="#[4ec]">&gt;&gt;</a>&nbsp;&nbsp;&nbsp;MainTask
</UL>

<P><STRONG><a name="[173]"></a>BUTTON_SetText</STRONG> (Thumb, 70 bytes, Stack size 32 bytes, BUTTON.o(.text), UNUSED)
<BR><BR>[Calls]<UL><LI><a href="#[175]">&gt;&gt;</a>&nbsp;&nbsp;&nbsp;WM_InvalidateWindow
<LI><a href="#[174]">&gt;&gt;</a>&nbsp;&nbsp;&nbsp;GUI__SetText
<LI><a href="#[165]">&gt;&gt;</a>&nbsp;&nbsp;&nbsp;GUI_ALLOC_LockH
<LI><a href="#[15c]">&gt;&gt;</a>&nbsp;&nbsp;&nbsp;[Anonymous Symbol]
<LI><a href="#[15b]">&gt;&gt;</a>&nbsp;&nbsp;&nbsp;[Anonymous Symbol]
</UL>

<P><STRONG><a name="[176]"></a>BUTTON_SetFont</STRONG> (Thumb, 28 bytes, Stack size 16 bytes, BUTTON.o(.text), UNUSED)
<BR><BR>[Calls]<UL><LI><a href="#[175]">&gt;&gt;</a>&nbsp;&nbsp;&nbsp;WM_InvalidateWindow
<LI><a href="#[165]">&gt;&gt;</a>&nbsp;&nbsp;&nbsp;GUI_ALLOC_LockH
<LI><a href="#[15c]">&gt;&gt;</a>&nbsp;&nbsp;&nbsp;[Anonymous Symbol]
</UL>

<P><STRONG><a name="[177]"></a>BUTTON_SetState</STRONG> (Thumb, 4 bytes, Stack size 0 bytes, BUTTON.o(.text), UNUSED)
<BR><BR>[Calls]<UL><LI><a href="#[178]">&gt;&gt;</a>&nbsp;&nbsp;&nbsp;WIDGET_SetState
</UL>

<P><STRONG><a name="[16b]"></a>BUTTON_SetPressed</STRONG> (Thumb, 16 bytes, Stack size 0 bytes, BUTTON.o(.text))
<BR><BR>[Stack]<UL><LI>Max Depth = 176 + Unknown Stack Size
<LI>Call Chain = BUTTON_SetPressed &rArr; WIDGET_OrState &rArr; [Anonymous Symbol] &rArr; WM_InvalidateWindow &rArr; WM_InvalidateRect &rArr; WM__InvalidateRectEx &rArr; WM__InvalidateRect &rArr;  WM__InvalidateRect (Cycle)
</UL>
<BR>[Calls]<UL><LI><a href="#[15a]">&gt;&gt;</a>&nbsp;&nbsp;&nbsp;WIDGET_OrState
<LI><a href="#[15f]">&gt;&gt;</a>&nbsp;&nbsp;&nbsp;WIDGET_AndState
</UL>
<BR>[Called By]<UL><LI><a href="#[86]">&gt;&gt;</a>&nbsp;&nbsp;&nbsp;BUTTON_Callback
</UL>

<P><STRONG><a name="[179]"></a>BUTTON_SetFocussable</STRONG> (Thumb, 16 bytes, Stack size 0 bytes, BUTTON.o(.text), UNUSED)
<BR><BR>[Calls]<UL><LI><a href="#[15a]">&gt;&gt;</a>&nbsp;&nbsp;&nbsp;WIDGET_OrState
<LI><a href="#[15f]">&gt;&gt;</a>&nbsp;&nbsp;&nbsp;WIDGET_AndState
</UL>

<P><STRONG><a name="[17a]"></a>BUTTON_SetTextOffset</STRONG> (Thumb, 38 bytes, Stack size 24 bytes, BUTTON.o(.text), UNUSED)
<BR><BR>[Calls]<UL><LI><a href="#[175]">&gt;&gt;</a>&nbsp;&nbsp;&nbsp;WM_InvalidateWindow
<LI><a href="#[165]">&gt;&gt;</a>&nbsp;&nbsp;&nbsp;GUI_ALLOC_LockH
<LI><a href="#[15c]">&gt;&gt;</a>&nbsp;&nbsp;&nbsp;[Anonymous Symbol]
</UL>

<P><STRONG><a name="[17b]"></a>BUTTON_GetpWidget</STRONG> (Thumb, 20 bytes, Stack size 16 bytes, BUTTON.o(.text), UNUSED)
<BR><BR>[Calls]<UL><LI><a href="#[165]">&gt;&gt;</a>&nbsp;&nbsp;&nbsp;GUI_ALLOC_LockH
<LI><a href="#[15c]">&gt;&gt;</a>&nbsp;&nbsp;&nbsp;[Anonymous Symbol]
</UL>

<P><STRONG><a name="[17c]"></a>BUTTON_SetUserData</STRONG> (Thumb, 6 bytes, Stack size 0 bytes, BUTTON.o(.text), UNUSED)
<BR><BR>[Calls]<UL><LI><a href="#[17d]">&gt;&gt;</a>&nbsp;&nbsp;&nbsp;WM__SetUserDataEx
</UL>

<P><STRONG><a name="[17e]"></a>BUTTON_GetUserData</STRONG> (Thumb, 6 bytes, Stack size 0 bytes, BUTTON.o(.text), UNUSED)
<BR><BR>[Calls]<UL><LI><a href="#[17f]">&gt;&gt;</a>&nbsp;&nbsp;&nbsp;WM__GetUserDataEx
</UL>

<P><STRONG><a name="[180]"></a>BUTTON_SetBitmapEx</STRONG> (Thumb, 30 bytes, Stack size 16 bytes, BUTTON_Bitmap.o(.text))
<BR><BR>[Stack]<UL><LI>Max Depth = 200 + Unknown Stack Size
<LI>Call Chain = BUTTON_SetBitmapEx &rArr; BUTTON__SetDrawObj &rArr; WM_InvalidateWindow &rArr; WM_InvalidateRect &rArr; WM__InvalidateRectEx &rArr; WM__InvalidateRect &rArr;  WM__InvalidateRect (Cycle)
</UL>
<BR>[Calls]<UL><LI><a href="#[181]">&gt;&gt;</a>&nbsp;&nbsp;&nbsp;GUI_DRAW_BITMAP_Create
<LI><a href="#[182]">&gt;&gt;</a>&nbsp;&nbsp;&nbsp;BUTTON__SetDrawObj
</UL>
<BR>[Called By]<UL><LI><a href="#[183]">&gt;&gt;</a>&nbsp;&nbsp;&nbsp;BUTTON_SetBitmap
</UL>

<P><STRONG><a name="[183]"></a>BUTTON_SetBitmap</STRONG> (Thumb, 12 bytes, Stack size 8 bytes, BUTTON_Bitmap.o(.text))
<BR><BR>[Stack]<UL><LI>Max Depth = 208 + Unknown Stack Size
<LI>Call Chain = BUTTON_SetBitmap &rArr; BUTTON_SetBitmapEx &rArr; BUTTON__SetDrawObj &rArr; WM_InvalidateWindow &rArr; WM_InvalidateRect &rArr; WM__InvalidateRectEx &rArr; WM__InvalidateRect &rArr;  WM__InvalidateRect (Cycle)
</UL>
<BR>[Calls]<UL><LI><a href="#[180]">&gt;&gt;</a>&nbsp;&nbsp;&nbsp;BUTTON_SetBitmapEx
</UL>
<BR>[Called By]<UL><LI><a href="#[4e9]">&gt;&gt;</a>&nbsp;&nbsp;&nbsp;CreateCompassWindow2
<LI><a href="#[4ec]">&gt;&gt;</a>&nbsp;&nbsp;&nbsp;MainTask
</UL>

<P><STRONG><a name="[184]"></a>BUTTON_IsPressed</STRONG> (Thumb, 32 bytes, Stack size 16 bytes, BUTTON_IsPressed.o(.text))
<BR><BR>[Stack]<UL><LI>Max Depth = 16<LI>Call Chain = BUTTON_IsPressed
</UL>
<BR>[Calls]<UL><LI><a href="#[171]">&gt;&gt;</a>&nbsp;&nbsp;&nbsp;GUI_ALLOC_UnlockH
<LI><a href="#[165]">&gt;&gt;</a>&nbsp;&nbsp;&nbsp;GUI_ALLOC_LockH
</UL>
<BR>[Called By]<UL><LI><a href="#[4e9]">&gt;&gt;</a>&nbsp;&nbsp;&nbsp;CreateCompassWindow2
<LI><a href="#[4ec]">&gt;&gt;</a>&nbsp;&nbsp;&nbsp;MainTask
</UL>

<P><STRONG><a name="[15]"></a>GUI__MixColorsBulk</STRONG> (Thumb, 80 bytes, Stack size 40 bytes, GUI__Alpha.o(.text))
<BR><BR>[Stack]<UL><LI>Max Depth = 56<LI>Call Chain = GUI__MixColorsBulk &rArr; GUI__MixColors
</UL>
<BR>[Calls]<UL><LI><a href="#[14]">&gt;&gt;</a>&nbsp;&nbsp;&nbsp;GUI__MixColors
</UL>
<BR>[Address Reference Count : 1]<UL><LI> GUI__Alpha.o(.data)
</UL>
<P><STRONG><a name="[14]"></a>GUI__MixColors</STRONG> (Thumb, 98 bytes, Stack size 16 bytes, GUI__Alpha.o(.text))
<BR><BR>[Stack]<UL><LI>Max Depth = 16<LI>Call Chain = GUI__MixColors
</UL>
<BR>[Called By]<UL><LI><a href="#[1db]">&gt;&gt;</a>&nbsp;&nbsp;&nbsp;GUI__SetPixelAlpha
<LI><a href="#[15]">&gt;&gt;</a>&nbsp;&nbsp;&nbsp;GUI__MixColorsBulk
<LI><a href="#[186]">&gt;&gt;</a>&nbsp;&nbsp;&nbsp;GUI__DoAlphaBlending
<LI><a href="#[35c]">&gt;&gt;</a>&nbsp;&nbsp;&nbsp;_CopyContent
<LI><a href="#[33d]">&gt;&gt;</a>&nbsp;&nbsp;&nbsp;_DrawBitLine32BPP_DDB
<LI><a href="#[3f6]">&gt;&gt;</a>&nbsp;&nbsp;&nbsp;_MixColors
</UL>
<BR>[Address Reference Count : 1]<UL><LI> GUI__Alpha.o(.data)
</UL>
<P><STRONG><a name="[186]"></a>GUI__DoAlphaBlending</STRONG> (Thumb, 418 bytes, Stack size 88 bytes, GUI__Alpha.o(.text))
<BR><BR>[Stack]<UL><LI>Max Depth = 288 + Unknown Stack Size
<LI>Call Chain = GUI__DoAlphaBlending &rArr; GUI__GetAlphaBuffer &rArr; [Anonymous Symbol] &rArr; GUI_ALLOC_GetFixedBlock &rArr; _InitOnce &rArr; _EnlargeBlocks &rArr; _Alloc &rArr;  _InitOnce (Cycle)
</UL>
<BR>[Calls]<UL><LI><a href="#[14]">&gt;&gt;</a>&nbsp;&nbsp;&nbsp;GUI__MixColors
<LI><a href="#[187]">&gt;&gt;</a>&nbsp;&nbsp;&nbsp;GUI__GetAlphaBuffer
<LI><a href="#[18b]">&gt;&gt;</a>&nbsp;&nbsp;&nbsp;GUI__ExpandPixelIndicesEx
<LI><a href="#[18a]">&gt;&gt;</a>&nbsp;&nbsp;&nbsp;GUI_ReadRectEx
<LI><a href="#[189]">&gt;&gt;</a>&nbsp;&nbsp;&nbsp;GUI_GetpfIndex2ColorEx
<LI><a href="#[188]">&gt;&gt;</a>&nbsp;&nbsp;&nbsp;GUI_GetBitsPerPixelEx
<LI><a href="#[18c]">&gt;&gt;</a>&nbsp;&nbsp;&nbsp;[Anonymous Symbol]
</UL>
<BR>[Called By]<UL><LI><a href="#[428]">&gt;&gt;</a>&nbsp;&nbsp;&nbsp;_DoAlphaBlending
</UL>

<P><STRONG><a name="[187]"></a>GUI__GetAlphaBuffer</STRONG> (Thumb, 142 bytes, Stack size 32 bytes, GUI__Alpha.o(.text))
<BR><BR>[Stack]<UL><LI>Max Depth = 200 + Unknown Stack Size
<LI>Call Chain = GUI__GetAlphaBuffer &rArr; [Anonymous Symbol] &rArr; GUI_ALLOC_GetFixedBlock &rArr; _InitOnce &rArr; _EnlargeBlocks &rArr; _Alloc &rArr;  _InitOnce (Cycle)
</UL>
<BR>[Calls]<UL><LI><a href="#[18e]">&gt;&gt;</a>&nbsp;&nbsp;&nbsp;LCD_GetVXSizeMax
<LI><a href="#[18d]">&gt;&gt;</a>&nbsp;&nbsp;&nbsp;GUI__RegisterExit
<LI><a href="#[190]">&gt;&gt;</a>&nbsp;&nbsp;&nbsp;[Anonymous Symbol]
<LI><a href="#[18f]">&gt;&gt;</a>&nbsp;&nbsp;&nbsp;[Anonymous Symbol]
</UL>
<BR>[Called By]<UL><LI><a href="#[1d9]">&gt;&gt;</a>&nbsp;&nbsp;&nbsp;GUI__DrawBitmap16bpp
<LI><a href="#[186]">&gt;&gt;</a>&nbsp;&nbsp;&nbsp;GUI__DoAlphaBlending
<LI><a href="#[192]">&gt;&gt;</a>&nbsp;&nbsp;&nbsp;GUI__AllocAlphaBuffer
</UL>

<P><STRONG><a name="[192]"></a>GUI__AllocAlphaBuffer</STRONG> (Thumb, 22 bytes, Stack size 16 bytes, GUI__Alpha.o(.text))
<BR><BR>[Stack]<UL><LI>Max Depth = 216 + Unknown Stack Size
<LI>Call Chain = GUI__AllocAlphaBuffer &rArr; GUI__GetAlphaBuffer &rArr; [Anonymous Symbol] &rArr; GUI_ALLOC_GetFixedBlock &rArr; _InitOnce &rArr; _EnlargeBlocks &rArr; _Alloc &rArr;  _InitOnce (Cycle)
</UL>
<BR>[Calls]<UL><LI><a href="#[187]">&gt;&gt;</a>&nbsp;&nbsp;&nbsp;GUI__GetAlphaBuffer
</UL>
<BR>[Called By]<UL><LI><a href="#[b6]">&gt;&gt;</a>&nbsp;&nbsp;&nbsp;GUI_MEMDEV__WriteToActiveAlpha
</UL>

<P><STRONG><a name="[593]"></a>GUI__SetAlphaBufferSize</STRONG> (Thumb, 10 bytes, Stack size 0 bytes, GUI__Alpha.o(.text), UNUSED)

<P><STRONG><a name="[558]"></a>GUI_SetFuncAlphaBlending</STRONG> (Thumb, 6 bytes, Stack size 0 bytes, GUI__Alpha.o(.text))
<BR><BR>[Called By]<UL><LI><a href="#[1c5]">&gt;&gt;</a>&nbsp;&nbsp;&nbsp;LCD_X_Config
</UL>

<P><STRONG><a name="[55a]"></a>GUI_SetFuncMixColors</STRONG> (Thumb, 6 bytes, Stack size 0 bytes, GUI__Alpha.o(.text))
<BR><BR>[Called By]<UL><LI><a href="#[1c5]">&gt;&gt;</a>&nbsp;&nbsp;&nbsp;LCD_X_Config
</UL>

<P><STRONG><a name="[55b]"></a>GUI_SetFuncMixColorsBulk</STRONG> (Thumb, 6 bytes, Stack size 0 bytes, GUI__Alpha.o(.text))
<BR><BR>[Called By]<UL><LI><a href="#[1c5]">&gt;&gt;</a>&nbsp;&nbsp;&nbsp;LCD_X_Config
</UL>

<P><STRONG><a name="[594]"></a>GUI_ALLOC_p2h</STRONG> (Thumb, 6 bytes, Stack size 0 bytes, GUI_Alloc.o(.text), UNUSED)

<P><STRONG><a name="[185]"></a>GUI_ALLOC_FreeFixedBlock</STRONG> (Thumb, 16 bytes, Stack size 0 bytes, GUI_Alloc.o(.text))
<BR><BR>[Called By]<UL><LI><a href="#[1ce]">&gt;&gt;</a>&nbsp;&nbsp;&nbsp;GUI_DEVICE_Delete
<LI><a href="#[89]">&gt;&gt;</a>&nbsp;&nbsp;&nbsp;_OnExit
<LI><a href="#[a5]">&gt;&gt;</a>&nbsp;&nbsp;&nbsp;_OnExit
<LI><a href="#[c6]">&gt;&gt;</a>&nbsp;&nbsp;&nbsp;_OnExit
<LI><a href="#[416]">&gt;&gt;</a>&nbsp;&nbsp;&nbsp;_InitAlpha
<LI><a href="#[3db]">&gt;&gt;</a>&nbsp;&nbsp;&nbsp;GUI_SPRITE_Delete
</UL>

<P><STRONG><a name="[191]"></a>GUI_ALLOC_GetFixedBlock</STRONG> (Thumb, 166 bytes, Stack size 32 bytes, GUI_Alloc.o(.text))
<BR><BR>[Stack]<UL><LI>Max Depth = 168<LI>Call Chain = GUI_ALLOC_GetFixedBlock &rArr; _InitOnce &rArr; _EnlargeBlocks &rArr; _Alloc &rArr;  _InitOnce (Cycle)
</UL>
<BR>[Calls]<UL><LI><a href="#[197]">&gt;&gt;</a>&nbsp;&nbsp;&nbsp;_RemoveHoles
<LI><a href="#[193]">&gt;&gt;</a>&nbsp;&nbsp;&nbsp;_RemoveFreeBlock
<LI><a href="#[1a1]">&gt;&gt;</a>&nbsp;&nbsp;&nbsp;_InitOnce
<LI><a href="#[195]">&gt;&gt;</a>&nbsp;&nbsp;&nbsp;_AddFreeMemory
</UL>
<BR>[Called By]<UL><LI><a href="#[1cf]">&gt;&gt;</a>&nbsp;&nbsp;&nbsp;GUI_DEVICE_Create
<LI><a href="#[18f]">&gt;&gt;</a>&nbsp;&nbsp;&nbsp;[Anonymous Symbol]
<LI><a href="#[256]">&gt;&gt;</a>&nbsp;&nbsp;&nbsp;LCD_InitColors
<LI><a href="#[221]">&gt;&gt;</a>&nbsp;&nbsp;&nbsp;_InitOnce
<LI><a href="#[416]">&gt;&gt;</a>&nbsp;&nbsp;&nbsp;_InitAlpha
</UL>

<P><STRONG><a name="[1a3]"></a>GUI_ALLOC_AllocNoInit</STRONG> (Thumb, 10 bytes, Stack size 0 bytes, GUI_Alloc.o(.text))
<BR><BR>[Stack]<UL><LI>Max Depth = 96<LI>Call Chain = GUI_ALLOC_AllocNoInit &rArr; _Alloc &rArr;  _InitOnce (Cycle)
</UL>
<BR>[Calls]<UL><LI><a href="#[19f]">&gt;&gt;</a>&nbsp;&nbsp;&nbsp;_Alloc
</UL>
<BR>[Called By]<UL><LI><a href="#[174]">&gt;&gt;</a>&nbsp;&nbsp;&nbsp;GUI__SetText
<LI><a href="#[2c8]">&gt;&gt;</a>&nbsp;&nbsp;&nbsp;GUI_ALLOC_AllocZero
<LI><a href="#[330]">&gt;&gt;</a>&nbsp;&nbsp;&nbsp;GUI_MEMDEV__CreateFixed
<LI><a href="#[19]">&gt;&gt;</a>&nbsp;&nbsp;&nbsp;_NextPixel_Start
<LI><a href="#[437]">&gt;&gt;</a>&nbsp;&nbsp;&nbsp;_WriteToActiveOpaque_HT
<LI><a href="#[42e]">&gt;&gt;</a>&nbsp;&nbsp;&nbsp;_WriteToActiveOpaque_8
<LI><a href="#[47f]">&gt;&gt;</a>&nbsp;&nbsp;&nbsp;_CreateBuffer
</UL>

<P><STRONG><a name="[1a4]"></a>GUI_ALLOC_h2p</STRONG> (Thumb, 16 bytes, Stack size 0 bytes, GUI_Alloc.o(.text))
<BR><BR>[Called By]<UL><LI><a href="#[1e8]">&gt;&gt;</a>&nbsp;&nbsp;&nbsp;WM_Exec
<LI><a href="#[16e]">&gt;&gt;</a>&nbsp;&nbsp;&nbsp;WM_CreateWindowAsChild
<LI><a href="#[165]">&gt;&gt;</a>&nbsp;&nbsp;&nbsp;GUI_ALLOC_LockH
<LI><a href="#[2d0]">&gt;&gt;</a>&nbsp;&nbsp;&nbsp;_FindNext_IVR
<LI><a href="#[2e6]">&gt;&gt;</a>&nbsp;&nbsp;&nbsp;WM__IsEnabled
<LI><a href="#[2ae]">&gt;&gt;</a>&nbsp;&nbsp;&nbsp;WM__RemoveWindowFromList
<LI><a href="#[2ba]">&gt;&gt;</a>&nbsp;&nbsp;&nbsp;WM__RemoveFromLinList
<LI><a href="#[2b3]">&gt;&gt;</a>&nbsp;&nbsp;&nbsp;WM__IsWindow
<LI><a href="#[2cd]">&gt;&gt;</a>&nbsp;&nbsp;&nbsp;WM__GetTopLevelLayer
<LI><a href="#[2dd]">&gt;&gt;</a>&nbsp;&nbsp;&nbsp;WM__DeleteSecure
<LI><a href="#[2c5]">&gt;&gt;</a>&nbsp;&nbsp;&nbsp;WM__SendMessage
<LI><a href="#[2ce]">&gt;&gt;</a>&nbsp;&nbsp;&nbsp;WM__DeleteAssocTimer
<LI><a href="#[2b6]">&gt;&gt;</a>&nbsp;&nbsp;&nbsp;WM_GetFirstChild
<LI><a href="#[2b7]">&gt;&gt;</a>&nbsp;&nbsp;&nbsp;[Anonymous Symbol]
<LI><a href="#[2ad]">&gt;&gt;</a>&nbsp;&nbsp;&nbsp;[Anonymous Symbol]
<LI><a href="#[29a]">&gt;&gt;</a>&nbsp;&nbsp;&nbsp;[Anonymous Symbol]
<LI><a href="#[2d7]">&gt;&gt;</a>&nbsp;&nbsp;&nbsp;_Paint1
<LI><a href="#[29c]">&gt;&gt;</a>&nbsp;&nbsp;&nbsp;_Invalidate1Abs
<LI><a href="#[2c1]">&gt;&gt;</a>&nbsp;&nbsp;&nbsp;_Findx0
<LI><a href="#[3c3]">&gt;&gt;</a>&nbsp;&nbsp;&nbsp;GUI_CreateDialogBox
<LI><a href="#[3b1]">&gt;&gt;</a>&nbsp;&nbsp;&nbsp;WM__IsAncestor
<LI><a href="#[c3]">&gt;&gt;</a>&nbsp;&nbsp;&nbsp;_cbTimer
<LI><a href="#[3a2]">&gt;&gt;</a>&nbsp;&nbsp;&nbsp;WM__SendMessageNoPara
<LI><a href="#[3a0]">&gt;&gt;</a>&nbsp;&nbsp;&nbsp;WM__GetPrevSibling
<LI><a href="#[37c]">&gt;&gt;</a>&nbsp;&nbsp;&nbsp;WM_GetParent
<LI><a href="#[365]">&gt;&gt;</a>&nbsp;&nbsp;&nbsp;WM_GetWindowOrgX
<LI><a href="#[361]">&gt;&gt;</a>&nbsp;&nbsp;&nbsp;_CreateStaticDevice
<LI><a href="#[455]">&gt;&gt;</a>&nbsp;&nbsp;&nbsp;_Screen2hWin
<LI><a href="#[44c]">&gt;&gt;</a>&nbsp;&nbsp;&nbsp;[Anonymous Symbol]
<LI><a href="#[448]">&gt;&gt;</a>&nbsp;&nbsp;&nbsp;WM_GetWindowOrgY
<LI><a href="#[446]">&gt;&gt;</a>&nbsp;&nbsp;&nbsp;_GetDialogItem
<LI><a href="#[441]">&gt;&gt;</a>&nbsp;&nbsp;&nbsp;WM__GetFirstSibling
<LI><a href="#[4b1]">&gt;&gt;</a>&nbsp;&nbsp;&nbsp;WM_InvalidateWindowAndDescs
<LI><a href="#[4ae]">&gt;&gt;</a>&nbsp;&nbsp;&nbsp;_GetNextChild
<LI><a href="#[4a7]">&gt;&gt;</a>&nbsp;&nbsp;&nbsp;WM__ForEachDesc
</UL>

<P><STRONG><a name="[165]"></a>GUI_ALLOC_LockH</STRONG> (Thumb, 22 bytes, Stack size 0 bytes, GUI_Alloc.o(.text))
<BR><BR>[Calls]<UL><LI><a href="#[1a4]">&gt;&gt;</a>&nbsp;&nbsp;&nbsp;GUI_ALLOC_h2p
</UL>
<BR>[Called By]<UL><LI><a href="#[2cc]">&gt;&gt;</a>&nbsp;&nbsp;&nbsp;WM_DeleteWindow
<LI><a href="#[184]">&gt;&gt;</a>&nbsp;&nbsp;&nbsp;BUTTON_IsPressed
<LI><a href="#[1b3]">&gt;&gt;</a>&nbsp;&nbsp;&nbsp;WM__InitIVRSearch
<LI><a href="#[181]">&gt;&gt;</a>&nbsp;&nbsp;&nbsp;GUI_DRAW_BITMAP_Create
<LI><a href="#[182]">&gt;&gt;</a>&nbsp;&nbsp;&nbsp;BUTTON__SetDrawObj
<LI><a href="#[17a]">&gt;&gt;</a>&nbsp;&nbsp;&nbsp;BUTTON_SetTextOffset
<LI><a href="#[173]">&gt;&gt;</a>&nbsp;&nbsp;&nbsp;BUTTON_SetText
<LI><a href="#[176]">&gt;&gt;</a>&nbsp;&nbsp;&nbsp;BUTTON_SetFont
<LI><a href="#[17b]">&gt;&gt;</a>&nbsp;&nbsp;&nbsp;BUTTON_GetpWidget
<LI><a href="#[16c]">&gt;&gt;</a>&nbsp;&nbsp;&nbsp;BUTTON_CreateUser
<LI><a href="#[17d]">&gt;&gt;</a>&nbsp;&nbsp;&nbsp;WM__SetUserDataEx
<LI><a href="#[17f]">&gt;&gt;</a>&nbsp;&nbsp;&nbsp;WM__GetUserDataEx
[...]
<LI><a href="#[474]">&gt;&gt;</a>&nbsp;&nbsp;&nbsp;[Anonymous Symbol]
<LI><a href="#[47e]">&gt;&gt;</a>&nbsp;&nbsp;&nbsp;_SetSpriteBkPixel
<LI><a href="#[480]">&gt;&gt;</a>&nbsp;&nbsp;&nbsp;_ReleaseBuffer
<LI><a href="#[47f]">&gt;&gt;</a>&nbsp;&nbsp;&nbsp;_CreateBuffer
<LI><a href="#[482]">&gt;&gt;</a>&nbsp;&nbsp;&nbsp;_ClipRectEx
</UL>
<BR>[Called By]<UL><LI><a href="#[3e2]">&gt;&gt;</a>&nbsp;&nbsp;&nbsp;GUI_SPRITE_Hide
<LI><a href="#[3db]">&gt;&gt;</a>&nbsp;&nbsp;&nbsp;GUI_SPRITE_Delete
</UL>

<P><STRONG><a name="[490]"></a>_Unlink</STRONG> (Thumb, 14 bytes, Stack size 8 bytes, GUI_SPRITE.o(.text), UNUSED)
<BR><BR>[Calls]<UL><LI><a href="#[1d0]">&gt;&gt;</a>&nbsp;&nbsp;&nbsp;GUI_DEVICE_Unlink
<LI><a href="#[165]">&gt;&gt;</a>&nbsp;&nbsp;&nbsp;GUI_ALLOC_LockH
</UL>
<BR>[Called By]<UL><LI><a href="#[3e2]">&gt;&gt;</a>&nbsp;&nbsp;&nbsp;GUI_SPRITE_Hide
<LI><a href="#[3db]">&gt;&gt;</a>&nbsp;&nbsp;&nbsp;GUI_SPRITE_Delete
</UL>

<P><STRONG><a name="[e7]"></a>_XorPixel</STRONG> (Thumb, 52 bytes, Stack size 24 bytes, GUI_SPRITE.o(.text))
<BR><BR>[Stack]<UL><LI>Max Depth = 60<LI>Call Chain = _XorPixel &rArr; [Anonymous Symbol] &rArr; _PixelExists &rArr; GUI_GetBitmapPixelIndex &rArr; GUI_GetBitmapPixelIndexEx
</UL>
<BR>[Calls]<UL><LI><a href="#[47b]">&gt;&gt;</a>&nbsp;&nbsp;&nbsp;[Anonymous Symbol]
<LI><a href="#[47a]">&gt;&gt;</a>&nbsp;&nbsp;&nbsp;[Anonymous Symbol]
<LI><a href="#[479]">&gt;&gt;</a>&nbsp;&nbsp;&nbsp;[Anonymous Symbol]
<LI><a href="#[473]">&gt;&gt;</a>&nbsp;&nbsp;&nbsp;[Anonymous Symbol]
</UL>
<BR>[Address Reference Count : 1]<UL><LI> GUI_SPRITE.o(.text)
</UL>
<P><STRONG><a name="[462]"></a>[Anonymous Symbol]</STRONG> (Thumb, 0 bytes, Stack size 0 bytes, GUI_SPRITE.o(.text))
<BR><BR>[Calls]<UL><LI><a href="#[165]">&gt;&gt;</a>&nbsp;&nbsp;&nbsp;GUI_ALLOC_LockH
</UL>
<BR>[Called By]<UL><LI><a href="#[e4]">&gt;&gt;</a>&nbsp;&nbsp;&nbsp;_FillRect
<LI><a href="#[e3]">&gt;&gt;</a>&nbsp;&nbsp;&nbsp;_DrawVLine
<LI><a href="#[e2]">&gt;&gt;</a>&nbsp;&nbsp;&nbsp;_DrawHLine
<LI><a href="#[e1]">&gt;&gt;</a>&nbsp;&nbsp;&nbsp;_DrawBitmap
</UL>

<P><STRONG><a name="[463]"></a>[Anonymous Symbol]</STRONG> (Thumb, 0 bytes, Stack size 0 bytes, GUI_SPRITE.o(.text))
<BR><BR>[Called By]<UL><LI><a href="#[e6]">&gt;&gt;</a>&nbsp;&nbsp;&nbsp;_SetPixelIndex
<LI><a href="#[e4]">&gt;&gt;</a>&nbsp;&nbsp;&nbsp;_FillRect
<LI><a href="#[e1]">&gt;&gt;</a>&nbsp;&nbsp;&nbsp;_DrawBitmap
</UL>

<P><STRONG><a name="[464]"></a>[Anonymous Symbol]</STRONG> (Thumb, 0 bytes, Stack size 0 bytes, GUI_SPRITE.o(.text))
<BR><BR>[Stack]<UL><LI>Max Depth = 16<LI>Call Chain = [Anonymous Symbol] &rArr; _GetClipParam
</UL>
<BR>[Calls]<UL><LI><a href="#[468]">&gt;&gt;</a>&nbsp;&nbsp;&nbsp;_GetClipParam
</UL>
<BR>[Called By]<UL><LI><a href="#[e1]">&gt;&gt;</a>&nbsp;&nbsp;&nbsp;_DrawBitmap
</UL>

<P><STRONG><a name="[466]"></a>[Anonymous Symbol]</STRONG> (Thumb, 0 bytes, Stack size unknown bytes, GUI_SPRITE.o(.text))
<BR><BR>[Stack]<UL><LI>Max Depth = 8 + Unknown Stack Size
<LI>Call Chain = [Anonymous Symbol] &rArr; __aeabi_memcpy
</UL>
<BR>[Calls]<UL><LI><a href="#[229]">&gt;&gt;</a>&nbsp;&nbsp;&nbsp;__aeabi_memcpy
</UL>
<BR>[Called By]<UL><LI><a href="#[48d]">&gt;&gt;</a>&nbsp;&nbsp;&nbsp;_SpriteDraw
<LI><a href="#[484]">&gt;&gt;</a>&nbsp;&nbsp;&nbsp;_SetBitmap
<LI><a href="#[e4]">&gt;&gt;</a>&nbsp;&nbsp;&nbsp;_FillRect
<LI><a href="#[e1]">&gt;&gt;</a>&nbsp;&nbsp;&nbsp;_DrawBitmap
</UL>

<P><STRONG><a name="[469]"></a>[Anonymous Symbol]</STRONG> (Thumb, 0 bytes, Stack size 0 bytes, GUI_SPRITE.o(.text))
<BR><BR>[Calls]<UL><LI><a href="#[3a3]">&gt;&gt;</a>&nbsp;&nbsp;&nbsp;__aeabi_memclr4
</UL>
<BR>[Called By]<UL><LI><a href="#[e3]">&gt;&gt;</a>&nbsp;&nbsp;&nbsp;_DrawVLine
<LI><a href="#[e2]">&gt;&gt;</a>&nbsp;&nbsp;&nbsp;_DrawHLine
</UL>

<P><STRONG><a name="[46a]"></a>[Anonymous Symbol]</STRONG> (Thumb, 0 bytes, Stack size 0 bytes, GUI_SPRITE.o(.text))
<BR><BR>[Called By]<UL><LI><a href="#[e3]">&gt;&gt;</a>&nbsp;&nbsp;&nbsp;_DrawVLine
<LI><a href="#[e2]">&gt;&gt;</a>&nbsp;&nbsp;&nbsp;_DrawHLine
</UL>

<P><STRONG><a name="[46b]"></a>[Anonymous Symbol]</STRONG> (Thumb, 0 bytes, Stack size 0 bytes, GUI_SPRITE.o(.text))
<BR><BR>[Called By]<UL><LI><a href="#[e6]">&gt;&gt;</a>&nbsp;&nbsp;&nbsp;_SetPixelIndex
<LI><a href="#[e4]">&gt;&gt;</a>&nbsp;&nbsp;&nbsp;_FillRect
<LI><a href="#[e3]">&gt;&gt;</a>&nbsp;&nbsp;&nbsp;_DrawVLine
<LI><a href="#[e2]">&gt;&gt;</a>&nbsp;&nbsp;&nbsp;_DrawHLine
</UL>

<P><STRONG><a name="[46c]"></a>[Anonymous Symbol]</STRONG> (Thumb, 0 bytes, Stack size 64 bytes, GUI_SPRITE.o(.text))
<BR><BR>[Stack]<UL><LI>Max Depth = 64<LI>Call Chain = [Anonymous Symbol]
</UL>
<BR>[Calls]<UL><LI><a href="#[473]">&gt;&gt;</a>&nbsp;&nbsp;&nbsp;[Anonymous Symbol]
</UL>
<BR>[Called By]<UL><LI><a href="#[e3]">&gt;&gt;</a>&nbsp;&nbsp;&nbsp;_DrawVLine
<LI><a href="#[e2]">&gt;&gt;</a>&nbsp;&nbsp;&nbsp;_DrawHLine
</UL>

<P><STRONG><a name="[46d]"></a>[Anonymous Symbol]</STRONG> (Thumb, 0 bytes, Stack size 0 bytes, GUI_SPRITE.o(.text))
<BR><BR>[Called By]<UL><LI><a href="#[e3]">&gt;&gt;</a>&nbsp;&nbsp;&nbsp;_DrawVLine
<LI><a href="#[e2]">&gt;&gt;</a>&nbsp;&nbsp;&nbsp;_DrawHLine
</UL>

<P><STRONG><a name="[46e]"></a>[Anonymous Symbol]</STRONG> (Thumb, 0 bytes, Stack size 0 bytes, GUI_SPRITE.o(.text))
<BR><BR>[Called By]<UL><LI><a href="#[e3]">&gt;&gt;</a>&nbsp;&nbsp;&nbsp;_DrawVLine
<LI><a href="#[e2]">&gt;&gt;</a>&nbsp;&nbsp;&nbsp;_DrawHLine
</UL>

<P><STRONG><a name="[46f]"></a>[Anonymous Symbol]</STRONG> (Thumb, 0 bytes, Stack size 0 bytes, GUI_SPRITE.o(.text))
<BR><BR>[Called By]<UL><LI><a href="#[e3]">&gt;&gt;</a>&nbsp;&nbsp;&nbsp;_DrawVLine
<LI><a href="#[e2]">&gt;&gt;</a>&nbsp;&nbsp;&nbsp;_DrawHLine
</UL>

<P><STRONG><a name="[470]"></a>[Anonymous Symbol]</STRONG> (Thumb, 0 bytes, Stack size 0 bytes, GUI_SPRITE.o(.text))
<BR><BR>[Called By]<UL><LI><a href="#[e3]">&gt;&gt;</a>&nbsp;&nbsp;&nbsp;_DrawVLine
<LI><a href="#[e2]">&gt;&gt;</a>&nbsp;&nbsp;&nbsp;_DrawHLine
</UL>

<P><STRONG><a name="[471]"></a>[Anonymous Symbol]</STRONG> (Thumb, 0 bytes, Stack size 0 bytes, GUI_SPRITE.o(.text))
<BR><BR>[Stack]<UL><LI>Max Depth = 20<LI>Call Chain = [Anonymous Symbol] &rArr; GUI_GetBitmapPixelIndex &rArr; GUI_GetBitmapPixelIndexEx
</UL>
<BR>[Calls]<UL><LI><a href="#[461]">&gt;&gt;</a>&nbsp;&nbsp;&nbsp;GUI_GetBitmapPixelIndex
</UL>
<BR>[Called By]<UL><LI><a href="#[e4]">&gt;&gt;</a>&nbsp;&nbsp;&nbsp;_FillRect
</UL>

<P><STRONG><a name="[472]"></a>[Anonymous Symbol]</STRONG> (Thumb, 0 bytes, Stack size 0 bytes, GUI_SPRITE.o(.text))
<BR><BR>[Called By]<UL><LI><a href="#[e6]">&gt;&gt;</a>&nbsp;&nbsp;&nbsp;_SetPixelIndex
<LI><a href="#[e3]">&gt;&gt;</a>&nbsp;&nbsp;&nbsp;_DrawVLine
</UL>

<P><STRONG><a name="[473]"></a>[Anonymous Symbol]</STRONG> (Thumb, 0 bytes, Stack size 0 bytes, GUI_SPRITE.o(.text))
<BR><BR>[Calls]<UL><LI><a href="#[171]">&gt;&gt;</a>&nbsp;&nbsp;&nbsp;GUI_ALLOC_UnlockH
</UL>
<BR>[Called By]<UL><LI><a href="#[3dc]">&gt;&gt;</a>&nbsp;&nbsp;&nbsp;GUI_SPRITE__CreateEx
<LI><a href="#[3d9]">&gt;&gt;</a>&nbsp;&nbsp;&nbsp;GUI_SPRITE_Show
<LI><a href="#[3de]">&gt;&gt;</a>&nbsp;&nbsp;&nbsp;GUI_SPRITE_SetBitmap
<LI><a href="#[3e2]">&gt;&gt;</a>&nbsp;&nbsp;&nbsp;GUI_SPRITE_Hide
<LI><a href="#[3db]">&gt;&gt;</a>&nbsp;&nbsp;&nbsp;GUI_SPRITE_Delete
<LI><a href="#[492]">&gt;&gt;</a>&nbsp;&nbsp;&nbsp;GUI_SPRITE__SetCallback
<LI><a href="#[498]">&gt;&gt;</a>&nbsp;&nbsp;&nbsp;GUI_SPRITE_SetBitmapAndPosition
<LI><a href="#[499]">&gt;&gt;</a>&nbsp;&nbsp;&nbsp;GUI_SPRITE_GetState
<LI><a href="#[48f]">&gt;&gt;</a>&nbsp;&nbsp;&nbsp;[Anonymous Symbol]
<LI><a href="#[46c]">&gt;&gt;</a>&nbsp;&nbsp;&nbsp;[Anonymous Symbol]
<LI><a href="#[e7]">&gt;&gt;</a>&nbsp;&nbsp;&nbsp;_XorPixel
<LI><a href="#[e6]">&gt;&gt;</a>&nbsp;&nbsp;&nbsp;_SetPixelIndex
<LI><a href="#[e5]">&gt;&gt;</a>&nbsp;&nbsp;&nbsp;_GetPixelIndex
<LI><a href="#[491]">&gt;&gt;</a>&nbsp;&nbsp;&nbsp;_DoColorConversion
</UL>

<P><STRONG><a name="[474]"></a>[Anonymous Symbol]</STRONG> (Thumb, 0 bytes, Stack size 0 bytes, GUI_SPRITE.o(.text))
<BR><BR>[Calls]<UL><LI><a href="#[171]">&gt;&gt;</a>&nbsp;&nbsp;&nbsp;GUI_ALLOC_UnlockH
</UL>
<BR>[Called By]<UL><LI><a href="#[483]">&gt;&gt;</a>&nbsp;&nbsp;&nbsp;_Undraw
<LI><a href="#[489]">&gt;&gt;</a>&nbsp;&nbsp;&nbsp;_SetPosition
<LI><a href="#[484]">&gt;&gt;</a>&nbsp;&nbsp;&nbsp;_SetBitmap
<LI><a href="#[480]">&gt;&gt;</a>&nbsp;&nbsp;&nbsp;_ReleaseBuffer
<LI><a href="#[e4]">&gt;&gt;</a>&nbsp;&nbsp;&nbsp;_FillRect
<LI><a href="#[491]">&gt;&gt;</a>&nbsp;&nbsp;&nbsp;_DoColorConversion
</UL>

<P><STRONG><a name="[475]"></a>[Anonymous Symbol]</STRONG> (Thumb, 0 bytes, Stack size 0 bytes, GUI_SPRITE.o(.text))
<BR><BR>[Called By]<UL><LI><a href="#[483]">&gt;&gt;</a>&nbsp;&nbsp;&nbsp;_Undraw
<LI><a href="#[48d]">&gt;&gt;</a>&nbsp;&nbsp;&nbsp;_SpriteDraw
<LI><a href="#[489]">&gt;&gt;</a>&nbsp;&nbsp;&nbsp;_SetPosition
<LI><a href="#[e4]">&gt;&gt;</a>&nbsp;&nbsp;&nbsp;_FillRect
</UL>

<P><STRONG><a name="[476]"></a>[Anonymous Symbol]</STRONG> (Thumb, 0 bytes, Stack size 0 bytes, GUI_SPRITE.o(.text))
<BR><BR>[Called By]<UL><LI><a href="#[483]">&gt;&gt;</a>&nbsp;&nbsp;&nbsp;_Undraw
<LI><a href="#[48d]">&gt;&gt;</a>&nbsp;&nbsp;&nbsp;_SpriteDraw
<LI><a href="#[489]">&gt;&gt;</a>&nbsp;&nbsp;&nbsp;_SetPosition
<LI><a href="#[484]">&gt;&gt;</a>&nbsp;&nbsp;&nbsp;_SetBitmap
<LI><a href="#[e4]">&gt;&gt;</a>&nbsp;&nbsp;&nbsp;_FillRect
</UL>

<P><STRONG><a name="[477]"></a>[Anonymous Symbol]</STRONG> (Thumb, 0 bytes, Stack size 0 bytes, GUI_SPRITE.o(.text))
<BR><BR>[Called By]<UL><LI><a href="#[483]">&gt;&gt;</a>&nbsp;&nbsp;&nbsp;_Undraw
<LI><a href="#[48d]">&gt;&gt;</a>&nbsp;&nbsp;&nbsp;_SpriteDraw
<LI><a href="#[489]">&gt;&gt;</a>&nbsp;&nbsp;&nbsp;_SetPosition
<LI><a href="#[484]">&gt;&gt;</a>&nbsp;&nbsp;&nbsp;_SetBitmap
<LI><a href="#[e4]">&gt;&gt;</a>&nbsp;&nbsp;&nbsp;_FillRect
</UL>

<P><STRONG><a name="[478]"></a>[Anonymous Symbol]</STRONG> (Thumb, 0 bytes, Stack size unknown bytes, GUI_SPRITE.o(.text))
<BR><BR>[Called By]<UL><LI><a href="#[e4]">&gt;&gt;</a>&nbsp;&nbsp;&nbsp;_FillRect
</UL>

<P><STRONG><a name="[479]"></a>[Anonymous Symbol]</STRONG> (Thumb, 0 bytes, Stack size 0 bytes, GUI_SPRITE.o(.text))
<BR><BR>[Calls]<UL><LI><a href="#[165]">&gt;&gt;</a>&nbsp;&nbsp;&nbsp;GUI_ALLOC_LockH
</UL>
<BR>[Called By]<UL><LI><a href="#[e7]">&gt;&gt;</a>&nbsp;&nbsp;&nbsp;_XorPixel
<LI><a href="#[e5]">&gt;&gt;</a>&nbsp;&nbsp;&nbsp;_GetPixelIndex
</UL>

<P><STRONG><a name="[47a]"></a>[Anonymous Symbol]</STRONG> (Thumb, 0 bytes, Stack size 0 bytes, GUI_SPRITE.o(.text))
<BR><BR>[Stack]<UL><LI>Max Depth = 36<LI>Call Chain = [Anonymous Symbol] &rArr; _PixelExists &rArr; GUI_GetBitmapPixelIndex &rArr; GUI_GetBitmapPixelIndexEx
</UL>
<BR>[Calls]<UL><LI><a href="#[460]">&gt;&gt;</a>&nbsp;&nbsp;&nbsp;_PixelExists
</UL>
<BR>[Called By]<UL><LI><a href="#[e7]">&gt;&gt;</a>&nbsp;&nbsp;&nbsp;_XorPixel
<LI><a href="#[e5]">&gt;&gt;</a>&nbsp;&nbsp;&nbsp;_GetPixelIndex
</UL>

<P><STRONG><a name="[47b]"></a>[Anonymous Symbol]</STRONG> (Thumb, 0 bytes, Stack size 0 bytes, GUI_SPRITE.o(.text))
<BR><BR>[Called By]<UL><LI><a href="#[e7]">&gt;&gt;</a>&nbsp;&nbsp;&nbsp;_XorPixel
<LI><a href="#[e5]">&gt;&gt;</a>&nbsp;&nbsp;&nbsp;_GetPixelIndex
</UL>

<P><STRONG><a name="[485]"></a>[Anonymous Symbol]</STRONG> (Thumb, 0 bytes, Stack size 0 bytes, GUI_SPRITE.o(.text), UNUSED)
<BR><BR>[Called By]<UL><LI><a href="#[48b]">&gt;&gt;</a>&nbsp;&nbsp;&nbsp;_SetBitmapAndPosition
<LI><a href="#[484]">&gt;&gt;</a>&nbsp;&nbsp;&nbsp;_SetBitmap
</UL>

<P><STRONG><a name="[486]"></a>[Anonymous Symbol]</STRONG> (Thumb, 0 bytes, Stack size 0 bytes, GUI_SPRITE.o(.text))
<BR><BR>[Calls]<UL><LI><a href="#[165]">&gt;&gt;</a>&nbsp;&nbsp;&nbsp;GUI_ALLOC_LockH
</UL>
<BR>[Called By]<UL><LI><a href="#[48d]">&gt;&gt;</a>&nbsp;&nbsp;&nbsp;_SpriteDraw
<LI><a href="#[489]">&gt;&gt;</a>&nbsp;&nbsp;&nbsp;_SetPosition
<LI><a href="#[48b]">&gt;&gt;</a>&nbsp;&nbsp;&nbsp;_SetBitmapAndPosition
<LI><a href="#[484]">&gt;&gt;</a>&nbsp;&nbsp;&nbsp;_SetBitmap
</UL>

<P><STRONG><a name="[487]"></a>[Anonymous Symbol]</STRONG> (Thumb, 0 bytes, Stack size 0 bytes, GUI_SPRITE.o(.text))
<BR><BR>[Stack]<UL><LI>Max Depth = 72<LI>Call Chain = [Anonymous Symbol] &rArr; _ReleaseBuffer &rArr; _FlushBuffer &rArr; GUI__CompactPixelIndices
</UL>
<BR>[Calls]<UL><LI><a href="#[480]">&gt;&gt;</a>&nbsp;&nbsp;&nbsp;_ReleaseBuffer
</UL>
<BR>[Called By]<UL><LI><a href="#[489]">&gt;&gt;</a>&nbsp;&nbsp;&nbsp;_SetPosition
<LI><a href="#[48b]">&gt;&gt;</a>&nbsp;&nbsp;&nbsp;_SetBitmapAndPosition
<LI><a href="#[484]">&gt;&gt;</a>&nbsp;&nbsp;&nbsp;_SetBitmap
</UL>

<P><STRONG><a name="[488]"></a>[Anonymous Symbol]</STRONG> (Thumb, 0 bytes, Stack size 0 bytes, GUI_SPRITE.o(.text))
<BR><BR>[Called By]<UL><LI><a href="#[489]">&gt;&gt;</a>&nbsp;&nbsp;&nbsp;_SetPosition
<LI><a href="#[484]">&gt;&gt;</a>&nbsp;&nbsp;&nbsp;_SetBitmap
</UL>

<P><STRONG><a name="[48a]"></a>[Anonymous Symbol]</STRONG> (Thumb, 0 bytes, Stack size 0 bytes, GUI_SPRITE.o(.text))
<BR><BR>[Stack]<UL><LI>Max Depth = 168<LI>Call Chain = [Anonymous Symbol] &rArr; _CreateBuffer &rArr; GUI_ALLOC_GetMaxSize &rArr; _InitOnce &rArr; _EnlargeBlocks &rArr; _Alloc &rArr;  _InitOnce (Cycle)
</UL>
<BR>[Calls]<UL><LI><a href="#[47f]">&gt;&gt;</a>&nbsp;&nbsp;&nbsp;_CreateBuffer
</UL>
<BR>[Called By]<UL><LI><a href="#[48d]">&gt;&gt;</a>&nbsp;&nbsp;&nbsp;_SpriteDraw
<LI><a href="#[489]">&gt;&gt;</a>&nbsp;&nbsp;&nbsp;_SetPosition
<LI><a href="#[48b]">&gt;&gt;</a>&nbsp;&nbsp;&nbsp;_SetBitmapAndPosition
</UL>

<P><STRONG><a name="[48c]"></a>[Anonymous Symbol]</STRONG> (Thumb, 0 bytes, Stack size 0 bytes, GUI_SPRITE.o(.text), UNUSED)
<BR><BR>[Calls]<UL><LI><a href="#[171]">&gt;&gt;</a>&nbsp;&nbsp;&nbsp;GUI_ALLOC_UnlockH
</UL>
<BR>[Called By]<UL><LI><a href="#[48d]">&gt;&gt;</a>&nbsp;&nbsp;&nbsp;_SpriteDraw
<LI><a href="#[48b]">&gt;&gt;</a>&nbsp;&nbsp;&nbsp;_SetBitmapAndPosition
</UL>

<P><STRONG><a name="[48f]"></a>[Anonymous Symbol]</STRONG> (Thumb, 0 bytes, Stack size 8 bytes, GUI_SPRITE.o(.text), UNUSED)
<BR><BR>[Calls]<UL><LI><a href="#[473]">&gt;&gt;</a>&nbsp;&nbsp;&nbsp;[Anonymous Symbol]
</UL>
<BR>[Called By]<UL><LI><a href="#[48e]">&gt;&gt;</a>&nbsp;&nbsp;&nbsp;_Link
</UL>

<P><STRONG><a name="[494]"></a>[Anonymous Symbol]</STRONG> (Thumb, 0 bytes, Stack size 16 bytes, GUI_SPRITE.o(.text), UNUSED)
<BR><BR>[Calls]<UL><LI><a href="#[3dc]">&gt;&gt;</a>&nbsp;&nbsp;&nbsp;GUI_SPRITE__CreateEx
</UL>
<BR>[Called By]<UL><LI><a href="#[493]">&gt;&gt;</a>&nbsp;&nbsp;&nbsp;GUI_SPRITE_CreateEx
</UL>

<P><STRONG><a name="[49a]"></a>[Anonymous Symbol]</STRONG> (Thumb, 0 bytes, Stack size 0 bytes, LCD_AA.o(.text))
<BR><BR>[Called By]<UL><LI><a href="#[f0]">&gt;&gt;</a>&nbsp;&nbsp;&nbsp;LCD_SetPixelAA8_Trans
<LI><a href="#[ee]">&gt;&gt;</a>&nbsp;&nbsp;&nbsp;LCD_SetPixelAA4_Trans
</UL>

<P><STRONG><a name="[49b]"></a>[Anonymous Symbol]</STRONG> (Thumb, 0 bytes, Stack size 0 bytes, LCD_AA.o(.text))
<BR><BR>[Calls]<UL><LI><a href="#[25b]">&gt;&gt;</a>&nbsp;&nbsp;&nbsp;LCD_Index2Color
</UL>
<BR>[Called By]<UL><LI><a href="#[f0]">&gt;&gt;</a>&nbsp;&nbsp;&nbsp;LCD_SetPixelAA8_Trans
<LI><a href="#[ef]">&gt;&gt;</a>&nbsp;&nbsp;&nbsp;LCD_SetPixelAA8_NoTrans
<LI><a href="#[ee]">&gt;&gt;</a>&nbsp;&nbsp;&nbsp;LCD_SetPixelAA4_Trans
<LI><a href="#[ed]">&gt;&gt;</a>&nbsp;&nbsp;&nbsp;LCD_SetPixelAA4_NoTrans
</UL>

<P><STRONG><a name="[49c]"></a>[Anonymous Symbol]</STRONG> (Thumb, 0 bytes, Stack size 0 bytes, LCD_AA.o(.text))
<BR><BR>[Stack]<UL><LI>Max Depth = 40<LI>Call Chain = [Anonymous Symbol] &rArr; LCD_GetPixelColor &rArr; LCD_GetPixelIndex
</UL>
<BR>[Calls]<UL><LI><a href="#[2f9]">&gt;&gt;</a>&nbsp;&nbsp;&nbsp;LCD_GetPixelColor
</UL>
<BR>[Called By]<UL><LI><a href="#[f0]">&gt;&gt;</a>&nbsp;&nbsp;&nbsp;LCD_SetPixelAA8_Trans
<LI><a href="#[ee]">&gt;&gt;</a>&nbsp;&nbsp;&nbsp;LCD_SetPixelAA4_Trans
</UL>

<P><STRONG><a name="[49e]"></a>[Anonymous Symbol]</STRONG> (Thumb, 0 bytes, Stack size 0 bytes, LCD_AA.o(.text))
<BR><BR>[Called By]<UL><LI><a href="#[f0]">&gt;&gt;</a>&nbsp;&nbsp;&nbsp;LCD_SetPixelAA8_Trans
<LI><a href="#[ee]">&gt;&gt;</a>&nbsp;&nbsp;&nbsp;LCD_SetPixelAA4_Trans
</UL>

<P><STRONG><a name="[49f]"></a>[Anonymous Symbol]</STRONG> (Thumb, 0 bytes, Stack size 0 bytes, LCD_AA.o(.text))
<BR><BR>[Called By]<UL><LI><a href="#[f0]">&gt;&gt;</a>&nbsp;&nbsp;&nbsp;LCD_SetPixelAA8_Trans
<LI><a href="#[ee]">&gt;&gt;</a>&nbsp;&nbsp;&nbsp;LCD_SetPixelAA4_Trans
</UL>

<P><STRONG><a name="[4a0]"></a>[Anonymous Symbol]</STRONG> (Thumb, 0 bytes, Stack size 0 bytes, LCD_AA.o(.text))
<BR><BR>[Called By]<UL><LI><a href="#[ef]">&gt;&gt;</a>&nbsp;&nbsp;&nbsp;LCD_SetPixelAA8_NoTrans
<LI><a href="#[ed]">&gt;&gt;</a>&nbsp;&nbsp;&nbsp;LCD_SetPixelAA4_NoTrans
</UL>

<P><STRONG><a name="[4a1]"></a>[Anonymous Symbol]</STRONG> (Thumb, 0 bytes, Stack size 0 bytes, LCD_AA.o(.text))
<BR><BR>[Called By]<UL><LI><a href="#[ef]">&gt;&gt;</a>&nbsp;&nbsp;&nbsp;LCD_SetPixelAA8_NoTrans
<LI><a href="#[ed]">&gt;&gt;</a>&nbsp;&nbsp;&nbsp;LCD_SetPixelAA4_NoTrans
</UL>

<P><STRONG><a name="[4a2]"></a>[Anonymous Symbol]</STRONG> (Thumb, 0 bytes, Stack size 0 bytes, LCD_AA.o(.text))
<BR><BR>[Calls]<UL><LI><a href="#[25b]">&gt;&gt;</a>&nbsp;&nbsp;&nbsp;LCD_Index2Color
</UL>
<BR>[Called By]<UL><LI><a href="#[ef]">&gt;&gt;</a>&nbsp;&nbsp;&nbsp;LCD_SetPixelAA8_NoTrans
<LI><a href="#[ed]">&gt;&gt;</a>&nbsp;&nbsp;&nbsp;LCD_SetPixelAA4_NoTrans
</UL>

<P><STRONG><a name="[4a3]"></a>[Anonymous Symbol]</STRONG> (Thumb, 0 bytes, Stack size 0 bytes, LCD_AA.o(.text))
<BR><BR>[Called By]<UL><LI><a href="#[ef]">&gt;&gt;</a>&nbsp;&nbsp;&nbsp;LCD_SetPixelAA8_NoTrans
<LI><a href="#[ed]">&gt;&gt;</a>&nbsp;&nbsp;&nbsp;LCD_SetPixelAA4_NoTrans
</UL>

<P><STRONG><a name="[4a4]"></a>[Anonymous Symbol]</STRONG> (Thumb, 0 bytes, Stack size unknown bytes, LCD_AA.o(.text))
<BR><BR>[Called By]<UL><LI><a href="#[ef]">&gt;&gt;</a>&nbsp;&nbsp;&nbsp;LCD_SetPixelAA8_NoTrans
<LI><a href="#[ed]">&gt;&gt;</a>&nbsp;&nbsp;&nbsp;LCD_SetPixelAA4_NoTrans
</UL>

<P><STRONG><a name="[4a8]"></a>_MoveDescendents</STRONG> (Thumb, 96 bytes, Stack size 56 bytes, WM_Move.o(.text))
<BR><BR>[Stack]<UL><LI>Max Depth = 72 + In Cycle
<LI>Call Chain = _MoveDescendents &rArr;  _MoveDescendents (Cycle)
</UL>
<BR>[Calls]<UL><LI><a href="#[165]">&gt;&gt;</a>&nbsp;&nbsp;&nbsp;GUI_ALLOC_LockH
<LI><a href="#[2c5]">&gt;&gt;</a>&nbsp;&nbsp;&nbsp;WM__SendMessage
<LI><a href="#[2b2]">&gt;&gt;</a>&nbsp;&nbsp;&nbsp;GUI_MoveRect
<LI><a href="#[3a3]">&gt;&gt;</a>&nbsp;&nbsp;&nbsp;__aeabi_memclr4
<LI><a href="#[4aa]">&gt;&gt;</a>&nbsp;&nbsp;&nbsp;[Anonymous Symbol]
<LI><a href="#[4a9]">&gt;&gt;</a>&nbsp;&nbsp;&nbsp;[Anonymous Symbol]
<LI><a href="#[4a8]">&gt;&gt;</a>&nbsp;&nbsp;&nbsp;_MoveDescendents
</UL>
<BR>[Called By]<UL><LI><a href="#[4ab]">&gt;&gt;</a>&nbsp;&nbsp;&nbsp;WM__MoveWindow
<LI><a href="#[4a8]">&gt;&gt;</a>&nbsp;&nbsp;&nbsp;_MoveDescendents
</UL>

<P><STRONG><a name="[4a9]"></a>[Anonymous Symbol]</STRONG> (Thumb, 0 bytes, Stack size 0 bytes, WM_Move.o(.text))
<BR><BR>[Calls]<UL><LI><a href="#[2b2]">&gt;&gt;</a>&nbsp;&nbsp;&nbsp;GUI_MoveRect
</UL>
<BR>[Called By]<UL><LI><a href="#[4ab]">&gt;&gt;</a>&nbsp;&nbsp;&nbsp;WM__MoveWindow
<LI><a href="#[4a8]">&gt;&gt;</a>&nbsp;&nbsp;&nbsp;_MoveDescendents
</UL>

<P><STRONG><a name="[4aa]"></a>[Anonymous Symbol]</STRONG> (Thumb, 0 bytes, Stack size 0 bytes, WM_Move.o(.text))
<BR><BR>[Calls]<UL><LI><a href="#[171]">&gt;&gt;</a>&nbsp;&nbsp;&nbsp;GUI_ALLOC_UnlockH
</UL>
<BR>[Called By]<UL><LI><a href="#[4ab]">&gt;&gt;</a>&nbsp;&nbsp;&nbsp;WM__MoveWindow
<LI><a href="#[4ac]">&gt;&gt;</a>&nbsp;&nbsp;&nbsp;WM__MoveTo
<LI><a href="#[4a8]">&gt;&gt;</a>&nbsp;&nbsp;&nbsp;_MoveDescendents
</UL>

<P><STRONG><a name="[4ae]"></a>_GetNextChild</STRONG> (Thumb, 34 bytes, Stack size 16 bytes, WM_SetFocusOnNextChild.o(.text), UNUSED)
<BR><BR>[Calls]<UL><LI><a href="#[1a4]">&gt;&gt;</a>&nbsp;&nbsp;&nbsp;GUI_ALLOC_h2p
</UL>
<BR>[Called By]<UL><LI><a href="#[3c7]">&gt;&gt;</a>&nbsp;&nbsp;&nbsp;WM_SetFocusOnNextChild
</UL>
<P>
<H3>
Undefined Global Symbols
</H3><HR></body></html>
